
optiboot_atmega328.elf:     file format elf32-avr

Sections:
Idx Name          Size      VMA       LMA       File off  Algn
  0 .data         00000000  00800100  00800100  0000024e  2**0
                  CONTENTS, ALLOC, LOAD, DATA
  1 .text         000001fa  00007e00  00007e00  00000054  2**1
                  CONTENTS, ALLOC, LOAD, READONLY, CODE
  2 .version      00000002  00007ffe  00007ffe  0000024e  2**0
                  CONTENTS, READONLY
  3 .comment      00000011  00000000  00000000  00000250  2**0
                  CONTENTS, READONLY
  4 .debug_aranges 00000028  00000000  00000000  00000261  2**0
                  CONTENTS, READONLY, DEBUGGING
  5 .debug_info   00000474  00000000  00000000  00000289  2**0
                  CONTENTS, READONLY, DEBUGGING
  6 .debug_abbrev 000001d9  00000000  00000000  000006fd  2**0
                  CONTENTS, READONLY, DEBUGGING
  7 .debug_line   00000387  00000000  00000000  000008d6  2**0
                  CONTENTS, READONLY, DEBUGGING
  8 .debug_frame  0000008c  00000000  00000000  00000c60  2**2
                  CONTENTS, READONLY, DEBUGGING
  9 .debug_str    000001b6  00000000  00000000  00000cec  2**0
                  CONTENTS, READONLY, DEBUGGING
 10 .debug_loc    000002d0  00000000  00000000  00000ea2  2**0
                  CONTENTS, READONLY, DEBUGGING
 11 .debug_ranges 00000060  00000000  00000000  00001172  2**0
                  CONTENTS, READONLY, DEBUGGING

Disassembly of section .text:

00007e00 <main>:
  //  SP points to RAMEND
  //  r1 contains zero
  //
  // If not, uncomment the following instructions:
  // cli();
  asm volatile ("clr __zero_reg__");
    7e00:	11 24       	eor	r1, r1
#ifdef __AVR_ATmega8__
  SP=RAMEND;  // This is done by hardware reset
#endif

  // Adaboot no-wait mod
  ch = MCUSR;
    7e02:	94 b7       	in	r25, 0x34	; 52
  MCUSR = 0;
    7e04:	14 be       	out	0x34, r1	; 52
  __asm__ __volatile__ (
    7e06:	93 ff       	sbrs	r25, 3
    7e08:	f0 c0       	rjmp	.+480    	; 0x7fea <appStart>
    7e0a:	80 91 00 01 	lds	r24, 0x0100	; 0x800100 <_edata>
    7e0e:	84 3b       	cpi	r24, 0xB4	; 180
    7e10:	09 f0       	breq	.+2      	; 0x7e14 <main+0x14>
    7e12:	eb c0       	rjmp	.+470    	; 0x7fea <appStart>
    7e14:	10 92 00 01 	sts	0x0100, r1	; 0x800100 <_edata>
  UCSRA = _BV(U2X); //Double speed mode USART
  UCSRB = _BV(RXEN) | _BV(TXEN);  // enable Rx & Tx
  UCSRC = _BV(URSEL) | _BV(UCSZ1) | _BV(UCSZ0);  // config USART; 8N1
  UBRRL = (uint8_t)( (F_CPU + BAUD_RATE * 4L) / (BAUD_RATE * 8L) - 1 );
#else
  UCSR0A = _BV(U2X0); //Double speed mode USART0
    7e18:	82 e0       	ldi	r24, 0x02	; 2
    7e1a:	80 93 c0 00 	sts	0x00C0, r24	; 0x8000c0 <__DATA_REGION_ORIGIN__+0x60>
  UCSR0B = _BV(RXEN0) | _BV(TXEN0);
    7e1e:	88 e1       	ldi	r24, 0x18	; 24
    7e20:	80 93 c1 00 	sts	0x00C1, r24	; 0x8000c1 <__DATA_REGION_ORIGIN__+0x61>
  UCSR0C = _BV(UCSZ00) | _BV(UCSZ01);
    7e24:	96 e0       	ldi	r25, 0x06	; 6
    7e26:	90 93 c2 00 	sts	0x00C2, r25	; 0x8000c2 <__DATA_REGION_ORIGIN__+0x62>
  UBRR0L = (uint8_t)( (F_CPU + BAUD_RATE * 4L) / (BAUD_RATE * 8L) - 1 );
    7e2a:	90 e1       	ldi	r25, 0x10	; 16
    7e2c:	90 93 c4 00 	sts	0x00C4, r25	; 0x8000c4 <__DATA_REGION_ORIGIN__+0x64>
    "wdr\n"
  );
}

void watchdogConfig(uint8_t x) {
  WDTCSR = _BV(WDCE) | _BV(WDE);
    7e30:	80 93 60 00 	sts	0x0060, r24	; 0x800060 <__DATA_REGION_ORIGIN__>
  WDTCSR = x;
    7e34:	8e e0       	ldi	r24, 0x0E	; 14
    7e36:	80 93 60 00 	sts	0x0060, r24	; 0x800060 <__DATA_REGION_ORIGIN__>
   * Making these local and in registers prevents the need for initializing
   * them, and also saves space because code no longer stores to memory.
   * (initializing address keeps the compiler happy, but isn't really
   *  necessary, and uses 4 bytes of flash.)
   */
  register uint16_t address = 0;
    7e3a:	d0 e0       	ldi	r29, 0x00	; 0
    7e3c:	c0 e0       	ldi	r28, 0x00	; 0
      ch = SPM_PAGESIZE / 2;
      do {
        uint16_t a;
        a = *bufPtr++;
        a |= (*bufPtr++) << 8;
        __boot_page_fill_short((uint16_t)(void*)addrPtr,a);
    7e3e:	ee 24       	eor	r14, r14
    7e40:	e3 94       	inc	r14
        addrPtr += 2;
      } while (--ch);

      // Write from programming buffer
      __boot_page_write_short((uint16_t)(void*)address);
    7e42:	95 e0       	ldi	r25, 0x05	; 5
    7e44:	d9 2e       	mov	r13, r25
      boot_spm_busy_wait();

#if defined(RWWSRE)
      // Reenable read access to flash
      boot_rww_enable();
    7e46:	21 e1       	ldi	r18, 0x11	; 17
    7e48:	c2 2e       	mov	r12, r18
      do *bufPtr++ = getch();
      while (--length);

      // If we are in NRWW section, page erase has to be delayed until now.
      // Todo: Take RAMPZ into account
      if (address >= NRWWSTART) __boot_page_erase_short((uint16_t)(void*)address);
    7e4a:	33 e0       	ldi	r19, 0x03	; 3
    7e4c:	f3 2e       	mov	r15, r19
#endif

  /* Forever loop */
  for (;;) {
    /* get character from UART */
    ch = getch();
    7e4e:	a8 d0       	rcall	.+336    	; 0x7fa0 <getch>

    if(ch == STK_GET_PARAMETER) {
    7e50:	81 34       	cpi	r24, 0x41	; 65
      unsigned char which = getch();
    7e52:	81 f4       	brne	.+32     	; 0x7e74 <main+0x74>
    7e54:	a5 d0       	rcall	.+330    	; 0x7fa0 <getch>
      verifySpace();
    7e56:	18 2f       	mov	r17, r24
    7e58:	af d0       	rcall	.+350    	; 0x7fb8 <verifySpace>
      if (which == 0x82) {
    7e5a:	12 38       	cpi	r17, 0x82	; 130
	/*
	 * Send optiboot version as "minor SW version"
	 */
	putch(OPTIBOOT_MINVER);
    7e5c:	19 f4       	brne	.+6      	; 0x7e64 <main+0x64>
    7e5e:	84 e0       	ldi	r24, 0x04	; 4
    7e60:	98 d0       	rcall	.+304    	; 0x7f92 <putch>
      } else if (which == 0x81) {
    7e62:	94 c0       	rjmp	.+296    	; 0x7f8c <main+0x18c>
    7e64:	11 38       	cpi	r17, 0x81	; 129
	  putch(OPTIBOOT_MAJVER);
    7e66:	19 f4       	brne	.+6      	; 0x7e6e <main+0x6e>
    7e68:	84 e0       	ldi	r24, 0x04	; 4
    7e6a:	93 d0       	rcall	.+294    	; 0x7f92 <putch>
      } else {
	/*
	 * GET PARAMETER returns a generic 0x03 reply for
         * other parameters - enough to keep Avrdude happy
	 */
	putch(0x03);
    7e6c:	8f c0       	rjmp	.+286    	; 0x7f8c <main+0x18c>
    7e6e:	83 e0       	ldi	r24, 0x03	; 3
    7e70:	90 d0       	rcall	.+288    	; 0x7f92 <putch>
      }
    }
    else if(ch == STK_SET_DEVICE) {
    7e72:	8c c0       	rjmp	.+280    	; 0x7f8c <main+0x18c>
    7e74:	82 34       	cpi	r24, 0x42	; 66
      // SET DEVICE is ignored
      getNch(20);
    7e76:	19 f4       	brne	.+6      	; 0x7e7e <main+0x7e>
    7e78:	84 e1       	ldi	r24, 0x14	; 20
    7e7a:	aa d0       	rcall	.+340    	; 0x7fd0 <getNch>
    }
    else if(ch == STK_SET_DEVICE_EXT) {
    7e7c:	87 c0       	rjmp	.+270    	; 0x7f8c <main+0x18c>
      // SET DEVICE EXT is ignored
      getNch(5);
    7e7e:	85 34       	cpi	r24, 0x45	; 69
    7e80:	19 f4       	brne	.+6      	; 0x7e88 <main+0x88>
    7e82:	85 e0       	ldi	r24, 0x05	; 5
    }
    else if(ch == STK_LOAD_ADDRESS) {
    7e84:	a5 d0       	rcall	.+330    	; 0x7fd0 <getNch>
      // LOAD ADDRESS
      uint16_t newAddress;
      newAddress = getch();
    7e86:	82 c0       	rjmp	.+260    	; 0x7f8c <main+0x18c>
    7e88:	85 35       	cpi	r24, 0x55	; 85
    7e8a:	49 f4       	brne	.+18     	; 0x7e9e <main+0x9e>
    7e8c:	89 d0       	rcall	.+274    	; 0x7fa0 <getch>
      newAddress = (newAddress & 0xff) | (getch() << 8);
    7e8e:	c8 2f       	mov	r28, r24
    7e90:	d0 e0       	ldi	r29, 0x00	; 0
#ifdef RAMPZ
      // Transfer top bit to RAMPZ
      RAMPZ = (newAddress & 0x8000) ? 1 : 0;
#endif
      newAddress += newAddress; // Convert from word address to byte address
    7e92:	86 d0       	rcall	.+268    	; 0x7fa0 <getch>
    7e94:	d8 2b       	or	r29, r24
      address = newAddress;
      verifySpace();
    7e96:	cc 0f       	add	r28, r28
    7e98:	dd 1f       	adc	r29, r29
    }
    else if(ch == STK_UNIVERSAL) {
    7e9a:	8e d0       	rcall	.+284    	; 0x7fb8 <verifySpace>
      // UNIVERSAL command is ignored
      getNch(4);
    7e9c:	77 c0       	rjmp	.+238    	; 0x7f8c <main+0x18c>
    7e9e:	86 35       	cpi	r24, 0x56	; 86
      putch(0x00);
    7ea0:	29 f4       	brne	.+10     	; 0x7eac <main+0xac>
    7ea2:	84 e0       	ldi	r24, 0x04	; 4
    7ea4:	95 d0       	rcall	.+298    	; 0x7fd0 <getNch>
    7ea6:	80 e0       	ldi	r24, 0x00	; 0
    }
    /* Write memory, length is big endian and is in bytes */
    else if(ch == STK_PROG_PAGE) {
    7ea8:	74 d0       	rcall	.+232    	; 0x7f92 <putch>
    7eaa:	70 c0       	rjmp	.+224    	; 0x7f8c <main+0x18c>
    7eac:	84 36       	cpi	r24, 0x64	; 100
      // PROGRAM PAGE - we support flash programming only, not EEPROM
      uint8_t *bufPtr;
      uint16_t addrPtr;

      getch();			/* getlen() */
    7eae:	09 f0       	breq	.+2      	; 0x7eb2 <main+0xb2>
    7eb0:	45 c0       	rjmp	.+138    	; 0x7f3c <main+0x13c>
      length = getch();
    7eb2:	76 d0       	rcall	.+236    	; 0x7fa0 <getch>
    7eb4:	75 d0       	rcall	.+234    	; 0x7fa0 <getch>
    7eb6:	98 2e       	mov	r9, r24
      getch();
    7eb8:	73 d0       	rcall	.+230    	; 0x7fa0 <getch>
    7eba:	00 e0       	ldi	r16, 0x00	; 0
    7ebc:	11 e0       	ldi	r17, 0x01	; 1

      // If we are in RWW section, immediately start page erase
      if (address < NRWWSTART) __boot_page_erase_short((uint16_t)(void*)address);
    7ebe:	c1 15       	cp	r28, r1
    7ec0:	80 e7       	ldi	r24, 0x70	; 112
    7ec2:	d8 07       	cpc	r29, r24
    7ec4:	30 f4       	brcc	.+12     	; 0x7ed2 <main+0xd2>
    7ec6:	fe 01       	movw	r30, r28
    7ec8:	f7 be       	out	0x37, r15	; 55
    7eca:	e8 95       	spm
    7ecc:	00 e0       	ldi	r16, 0x00	; 0
    7ece:	11 e0       	ldi	r17, 0x01	; 1
    7ed0:	00 c0       	rjmp	.+0      	; 0x7ed2 <main+0xd2>

      // While that is going on, read in page contents
      bufPtr = buff;
      do *bufPtr++ = getch();
    7ed2:	58 01       	movw	r10, r16
    7ed4:	ff ef       	ldi	r31, 0xFF	; 255
    7ed6:	af 1a       	sub	r10, r31
    7ed8:	bf 0a       	sbc	r11, r31
    7eda:	62 d0       	rcall	.+196    	; 0x7fa0 <getch>
    7edc:	f8 01       	movw	r30, r16
    7ede:	80 83       	st	Z, r24
    7ee0:	85 01       	movw	r16, r10
      while (--length);
    7ee2:	9a 10       	cpse	r9, r10
    7ee4:	f6 cf       	rjmp	.-20     	; 0x7ed2 <main+0xd2>

      // If we are in NRWW section, page erase has to be delayed until now.
      // Todo: Take RAMPZ into account
      if (address >= NRWWSTART) __boot_page_erase_short((uint16_t)(void*)address);
    7ee6:	c1 15       	cp	r28, r1
    7ee8:	f0 e7       	ldi	r31, 0x70	; 112
    7eea:	df 07       	cpc	r29, r31
    7eec:	18 f0       	brcs	.+6      	; 0x7ef4 <main+0xf4>
    7eee:	fe 01       	movw	r30, r28
    7ef0:	f7 be       	out	0x37, r15	; 55
    7ef2:	e8 95       	spm

      // Read command terminator, start reply
      verifySpace();
    7ef4:	61 d0       	rcall	.+194    	; 0x7fb8 <verifySpace>
    7ef6:	07 b6       	in	r0, 0x37	; 55

      // If only a partial page is to be programmed, the erase might not be complete.
      // So check that here
      boot_spm_busy_wait();
    7ef8:	00 fc       	sbrc	r0, 0
    7efa:	fd cf       	rjmp	.-6      	; 0x7ef6 <main+0xf6>
    7efc:	fe 01       	movw	r30, r28
    7efe:	a0 e0       	ldi	r26, 0x00	; 0
        buff[1] = 0xce; // rjmp 0x1d00 instruction
      }
#endif

      // Copy buffer into programming buffer
      bufPtr = buff;
    7f00:	b1 e0       	ldi	r27, 0x01	; 1
    7f02:	01 c0       	rjmp	.+2      	; 0x7f06 <main+0x106>
    7f04:	d9 01       	movw	r26, r18
    7f06:	9c 91       	ld	r25, X
      addrPtr = (uint16_t)(void*)address;
      ch = SPM_PAGESIZE / 2;
      do {
        uint16_t a;
        a = *bufPtr++;
    7f08:	9d 01       	movw	r18, r26
    7f0a:	2e 5f       	subi	r18, 0xFE	; 254
    7f0c:	3f 4f       	sbci	r19, 0xFF	; 255
    7f0e:	11 96       	adiw	r26, 0x01	; 1
        a |= (*bufPtr++) << 8;
    7f10:	8c 91       	ld	r24, X
    7f12:	11 97       	sbiw	r26, 0x01	; 1
    7f14:	89 27       	eor	r24, r25
    7f16:	98 27       	eor	r25, r24
    7f18:	89 27       	eor	r24, r25
    7f1a:	0c 01       	movw	r0, r24
        __boot_page_fill_short((uint16_t)(void*)addrPtr,a);
    7f1c:	e7 be       	out	0x37, r14	; 55
    7f1e:	e8 95       	spm
        addrPtr += 2;
      } while (--ch);
    7f20:	11 24       	eor	r1, r1
    7f22:	32 96       	adiw	r30, 0x02	; 2

      // Write from programming buffer
      __boot_page_write_short((uint16_t)(void*)address);
    7f24:	ae 37       	cpi	r26, 0x7E	; 126
    7f26:	b1 40       	sbci	r27, 0x01	; 1
    7f28:	69 f7       	brne	.-38     	; 0x7f04 <main+0x104>
      boot_spm_busy_wait();
    7f2a:	fe 01       	movw	r30, r28
    7f2c:	d7 be       	out	0x37, r13	; 55

#if defined(RWWSRE)
      // Reenable read access to flash
      boot_rww_enable();
    7f2e:	e8 95       	spm
    7f30:	07 b6       	in	r0, 0x37	; 55
    7f32:	00 fc       	sbrc	r0, 0
#endif

    }
    /* Read memory block mode, length is big endian.  */
    else if(ch == STK_READ_PAGE) {
    7f34:	fd cf       	rjmp	.-6      	; 0x7f30 <main+0x130>
    7f36:	c7 be       	out	0x37, r12	; 55
      // READ PAGE - we only read flash
      getch();			/* getlen() */
    7f38:	e8 95       	spm
    7f3a:	28 c0       	rjmp	.+80     	; 0x7f8c <main+0x18c>
      length = getch();
    7f3c:	84 37       	cpi	r24, 0x74	; 116
    7f3e:	a9 f4       	brne	.+42     	; 0x7f6a <main+0x16a>
    7f40:	2f d0       	rcall	.+94     	; 0x7fa0 <getch>
      getch();
    7f42:	2e d0       	rcall	.+92     	; 0x7fa0 <getch>

      verifySpace();
    7f44:	b8 2e       	mov	r11, r24
    7f46:	2c d0       	rcall	.+88     	; 0x7fa0 <getch>
        putch(result);
        address++;
      }
      while (--length);
#else
      do putch(pgm_read_byte_near(address++));
    7f48:	37 d0       	rcall	.+110    	; 0x7fb8 <verifySpace>
    7f4a:	ab 2c       	mov	r10, r11
    7f4c:	fe 01       	movw	r30, r28
    7f4e:	8f 01       	movw	r16, r30
    7f50:	0f 5f       	subi	r16, 0xFF	; 255
      while (--length);
    7f52:	1f 4f       	sbci	r17, 0xFF	; 255
        putch(result);
        address++;
      }
      while (--length);
#else
      do putch(pgm_read_byte_near(address++));
    7f54:	84 91       	lpm	r24, Z
      while (--length);
    7f56:	1d d0       	rcall	.+58     	; 0x7f92 <putch>
    7f58:	aa 94       	dec	r10
    7f5a:	f8 01       	movw	r30, r16
    7f5c:	a1 10       	cpse	r10, r1
    7f5e:	f7 cf       	rjmp	.-18     	; 0x7f4e <main+0x14e>
#endif
#endif
    }

    /* Get device signature bytes  */
    else if(ch == STK_READ_SIGN) {
    7f60:	21 96       	adiw	r28, 0x01	; 1
    7f62:	ba 94       	dec	r11
      // READ SIGN - return what Avrdude wants to hear
      verifySpace();
    7f64:	cb 0d       	add	r28, r11
    7f66:	d1 1d       	adc	r29, r1
      putch(SIGNATURE_0);
    7f68:	11 c0       	rjmp	.+34     	; 0x7f8c <main+0x18c>
    7f6a:	85 37       	cpi	r24, 0x75	; 117
    7f6c:	41 f4       	brne	.+16     	; 0x7f7e <main+0x17e>
      putch(SIGNATURE_1);
    7f6e:	24 d0       	rcall	.+72     	; 0x7fb8 <verifySpace>
    7f70:	8e e1       	ldi	r24, 0x1E	; 30
    7f72:	0f d0       	rcall	.+30     	; 0x7f92 <putch>
      putch(SIGNATURE_2);
    7f74:	85 e9       	ldi	r24, 0x95	; 149
    7f76:	0d d0       	rcall	.+26     	; 0x7f92 <putch>
    7f78:	8f e0       	ldi	r24, 0x0F	; 15
    7f7a:	0b d0       	rcall	.+22     	; 0x7f92 <putch>
    }
    else if (ch == 'Q') {
    7f7c:	07 c0       	rjmp	.+14     	; 0x7f8c <main+0x18c>
    7f7e:	81 35       	cpi	r24, 0x51	; 81
      // Arducon enters the bootloader with a watchdog reset, so leaving via
      // another watchdog reset must run without the app-request marker.
      __asm__ __volatile__ (
    7f80:	21 f4       	brne	.+8      	; 0x7f8a <main+0x18a>
    7f82:	88 e0       	ldi	r24, 0x08	; 8
    7f84:	2c d0       	rcall	.+88     	; 0x7fde <watchdogConfig>
    7f86:	18 d0       	rcall	.+48     	; 0x7fb8 <verifySpace>
        : "r24"
      );
    }
    else {
      // This covers the response to commands like STK_ENTER_PROGMODE
      verifySpace();
    7f88:	01 c0       	rjmp	.+2      	; 0x7f8c <main+0x18c>
    7f8a:	16 d0       	rcall	.+44     	; 0x7fb8 <verifySpace>
    }
    putch(STK_OK);
    7f8c:	80 e1       	ldi	r24, 0x10	; 16
    7f8e:	01 d0       	rcall	.+2      	; 0x7f92 <putch>
    7f90:	5e cf       	rjmp	.-324    	; 0x7e4e <main+0x4e>

00007f92 <putch>:
#endif

  /* Forever loop */
  for (;;) {
    /* get character from UART */
    ch = getch();
    7f92:	90 91 c0 00 	lds	r25, 0x00C0	; 0x8000c0 <__DATA_REGION_ORIGIN__+0x60>
  }
}

void putch(char ch) {
#ifndef SOFT_UART
  while (!(UCSR0A & _BV(UDRE0)));
    7f96:	95 ff       	sbrs	r25, 5
    7f98:	fc cf       	rjmp	.-8      	; 0x7f92 <putch>
  UDR0 = ch;
    7f9a:	80 93 c6 00 	sts	0x00C6, r24	; 0x8000c6 <__DATA_REGION_ORIGIN__+0x66>
      [uartBit] "I" (UART_TX_BIT)
    :
      "r25"
  );
#endif
}
    7f9e:	08 95       	ret

00007fa0 <getch>:
      [uartBit] "I" (UART_RX_BIT)
    :
      "r25"
);
#else
  while(!(UCSR0A & _BV(RXC0)))
    7fa0:	80 91 c0 00 	lds	r24, 0x00C0	; 0x8000c0 <__DATA_REGION_ORIGIN__+0x60>
    7fa4:	87 ff       	sbrs	r24, 7
    7fa6:	fc cf       	rjmp	.-8      	; 0x7fa0 <getch>
    ;
  if (!(UCSR0A & _BV(FE0))) {
    7fa8:	80 91 c0 00 	lds	r24, 0x00C0	; 0x8000c0 <__DATA_REGION_ORIGIN__+0x60>
    7fac:	84 fd       	sbrc	r24, 4
    7fae:	01 c0       	rjmp	.+2      	; 0x7fb2 <getch+0x12>
}
#endif

// Watchdog functions. These are only safe with interrupts turned off.
void watchdogReset() {
  __asm__ __volatile__ (
    7fb0:	a8 95       	wdr
       * don't care that an invalid char is returned...)
       */
    watchdogReset();
  }
  
  ch = UDR0;
    7fb2:	80 91 c6 00 	lds	r24, 0x00C6	; 0x8000c6 <__DATA_REGION_ORIGIN__+0x66>
  LED_PIN |= _BV(LED);
#endif
#endif

  return ch;
}
    7fb6:	08 95       	ret

00007fb8 <verifySpace>:
  do getch(); while (--count);
  verifySpace();
}

void verifySpace() {
  if (getch() != CRC_EOP) {
    7fb8:	f3 df       	rcall	.-26     	; 0x7fa0 <getch>
    7fba:	80 32       	cpi	r24, 0x20	; 32
    7fbc:	39 f0       	breq	.+14     	; 0x7fcc <verifySpace+0x14>
    "wdr\n"
  );
}

void watchdogConfig(uint8_t x) {
  WDTCSR = _BV(WDCE) | _BV(WDE);
    7fbe:	88 e1       	ldi	r24, 0x18	; 24
    7fc0:	80 93 60 00 	sts	0x0060, r24	; 0x800060 <__DATA_REGION_ORIGIN__>
  WDTCSR = x;
    7fc4:	88 e0       	ldi	r24, 0x08	; 8
    7fc6:	80 93 60 00 	sts	0x0060, r24	; 0x800060 <__DATA_REGION_ORIGIN__>
    7fca:	ff cf       	rjmp	.-2      	; 0x7fca <verifySpace+0x12>
  if (getch() != CRC_EOP) {
    watchdogConfig(WATCHDOG_16MS);    // shorten WD timeout
    while (1)			      // and busy-loop so that WD causes
      ;				      //  a reset and app start.
  }
  putch(STK_INSYNC);
    7fcc:	84 e1       	ldi	r24, 0x14	; 20
    7fce:	e1 cf       	rjmp	.-62     	; 0x7f92 <putch>

00007fd0 <getNch>:
    ::[count] "M" (UART_B_VALUE)
  );
}
#endif

void getNch(uint8_t count) {
    7fd0:	cf 93       	push	r28
  do getch(); while (--count);
    7fd2:	c8 2f       	mov	r28, r24
    7fd4:	e5 df       	rcall	.-54     	; 0x7fa0 <getch>
    7fd6:	c1 50       	subi	r28, 0x01	; 1
  verifySpace();
}
    7fd8:	e9 f7       	brne	.-6      	; 0x7fd4 <getNch+0x4>
}
#endif

void getNch(uint8_t count) {
  do getch(); while (--count);
  verifySpace();
    7fda:	cf 91       	pop	r28
    7fdc:	ed cf       	rjmp	.-38     	; 0x7fb8 <verifySpace>

00007fde <watchdogConfig>:
    "wdr\n"
  );
}

void watchdogConfig(uint8_t x) {
  WDTCSR = _BV(WDCE) | _BV(WDE);
    7fde:	e0 e6       	ldi	r30, 0x60	; 96
    7fe0:	f0 e0       	ldi	r31, 0x00	; 0
    7fe2:	98 e1       	ldi	r25, 0x18	; 24
    7fe4:	90 83       	st	Z, r25
  WDTCSR = x;
    7fe6:	80 83       	st	Z, r24
}
    7fe8:	08 95       	ret

00007fea <appStart>:
    "wdr\n"
  );
}

void watchdogConfig(uint8_t x) {
  WDTCSR = _BV(WDCE) | _BV(WDE);
    7fea:	e0 e6       	ldi	r30, 0x60	; 96
    7fec:	f0 e0       	ldi	r31, 0x00	; 0
    7fee:	88 e1       	ldi	r24, 0x18	; 24
    7ff0:	80 83       	st	Z, r24
  WDTCSR = x;
    7ff2:	10 82       	st	Z, r1
}

void appStart() {
  watchdogConfig(WATCHDOG_OFF);
  __asm__ __volatile__ (
    7ff4:	ee 27       	eor	r30, r30
    7ff6:	ff 27       	eor	r31, r31
    7ff8:	09 94       	ijmp
