Archive member included to satisfy reference by file (symbol)

c:/program files (x86)/atmel/studio/7.0/toolchain/avr8/avr8-gnu-toolchain/bin/../lib/gcc/avr/5.4.0/../../../../avr/lib/avr5\libm.a(addsf3.o)
                              Goertzel.o (__subsf3)
c:/program files (x86)/atmel/studio/7.0/toolchain/avr8/avr8-gnu-toolchain/bin/../lib/gcc/avr/5.4.0/../../../../avr/lib/avr5\libm.a(addsf3x.o)
                              c:/program files (x86)/atmel/studio/7.0/toolchain/avr8/avr8-gnu-toolchain/bin/../lib/gcc/avr/5.4.0/../../../../avr/lib/avr5\libm.a(addsf3.o) (__addsf3x)
c:/program files (x86)/atmel/studio/7.0/toolchain/avr8/avr8-gnu-toolchain/bin/../lib/gcc/avr/5.4.0/../../../../avr/lib/avr5\libm.a(cmpsf2.o)
                              Goertzel.o (__ltsf2)
c:/program files (x86)/atmel/studio/7.0/toolchain/avr8/avr8-gnu-toolchain/bin/../lib/gcc/avr/5.4.0/../../../../avr/lib/avr5\libm.a(cos.o)
                              Goertzel.o (cos)
c:/program files (x86)/atmel/studio/7.0/toolchain/avr8/avr8-gnu-toolchain/bin/../lib/gcc/avr/5.4.0/../../../../avr/lib/avr5\libm.a(divsf3.o)
                              Goertzel.o (__divsf3)
c:/program files (x86)/atmel/studio/7.0/toolchain/avr8/avr8-gnu-toolchain/bin/../lib/gcc/avr/5.4.0/../../../../avr/lib/avr5\libm.a(divsf3x.o)
                              c:/program files (x86)/atmel/studio/7.0/toolchain/avr8/avr8-gnu-toolchain/bin/../lib/gcc/avr/5.4.0/../../../../avr/lib/avr5\libm.a(divsf3.o) (__divsf3x)
c:/program files (x86)/atmel/studio/7.0/toolchain/avr8/avr8-gnu-toolchain/bin/../lib/gcc/avr/5.4.0/../../../../avr/lib/avr5\libm.a(fixsfsi.o)
                              Goertzel.o (__fixsfsi)
c:/program files (x86)/atmel/studio/7.0/toolchain/avr8/avr8-gnu-toolchain/bin/../lib/gcc/avr/5.4.0/../../../../avr/lib/avr5\libm.a(fixunssfsi.o)
                              c:/program files (x86)/atmel/studio/7.0/toolchain/avr8/avr8-gnu-toolchain/bin/../lib/gcc/avr/5.4.0/../../../../avr/lib/avr5\libm.a(fixsfsi.o) (__fixunssfsi)
c:/program files (x86)/atmel/studio/7.0/toolchain/avr8/avr8-gnu-toolchain/bin/../lib/gcc/avr/5.4.0/../../../../avr/lib/avr5\libm.a(floatsisf.o)
                              main.o (__floatunsisf)
c:/program files (x86)/atmel/studio/7.0/toolchain/avr8/avr8-gnu-toolchain/bin/../lib/gcc/avr/5.4.0/../../../../avr/lib/avr5\libm.a(fp_cmp.o)
                              c:/program files (x86)/atmel/studio/7.0/toolchain/avr8/avr8-gnu-toolchain/bin/../lib/gcc/avr/5.4.0/../../../../avr/lib/avr5\libm.a(cmpsf2.o) (__fp_cmp)
c:/program files (x86)/atmel/studio/7.0/toolchain/avr8/avr8-gnu-toolchain/bin/../lib/gcc/avr/5.4.0/../../../../avr/lib/avr5\libm.a(fp_inf.o)
                              c:/program files (x86)/atmel/studio/7.0/toolchain/avr8/avr8-gnu-toolchain/bin/../lib/gcc/avr/5.4.0/../../../../avr/lib/avr5\libm.a(addsf3x.o) (__fp_inf)
c:/program files (x86)/atmel/studio/7.0/toolchain/avr8/avr8-gnu-toolchain/bin/../lib/gcc/avr/5.4.0/../../../../avr/lib/avr5\libm.a(fp_nan.o)
                              c:/program files (x86)/atmel/studio/7.0/toolchain/avr8/avr8-gnu-toolchain/bin/../lib/gcc/avr/5.4.0/../../../../avr/lib/avr5\libm.a(addsf3x.o) (__fp_nan)
c:/program files (x86)/atmel/studio/7.0/toolchain/avr8/avr8-gnu-toolchain/bin/../lib/gcc/avr/5.4.0/../../../../avr/lib/avr5\libm.a(fp_pscA.o)
                              c:/program files (x86)/atmel/studio/7.0/toolchain/avr8/avr8-gnu-toolchain/bin/../lib/gcc/avr/5.4.0/../../../../avr/lib/avr5\libm.a(addsf3x.o) (__fp_pscA)
c:/program files (x86)/atmel/studio/7.0/toolchain/avr8/avr8-gnu-toolchain/bin/../lib/gcc/avr/5.4.0/../../../../avr/lib/avr5\libm.a(fp_pscB.o)
                              c:/program files (x86)/atmel/studio/7.0/toolchain/avr8/avr8-gnu-toolchain/bin/../lib/gcc/avr/5.4.0/../../../../avr/lib/avr5\libm.a(addsf3x.o) (__fp_pscB)
c:/program files (x86)/atmel/studio/7.0/toolchain/avr8/avr8-gnu-toolchain/bin/../lib/gcc/avr/5.4.0/../../../../avr/lib/avr5\libm.a(fp_rempio2.o)
                              c:/program files (x86)/atmel/studio/7.0/toolchain/avr8/avr8-gnu-toolchain/bin/../lib/gcc/avr/5.4.0/../../../../avr/lib/avr5\libm.a(cos.o) (__fp_rempio2)
c:/program files (x86)/atmel/studio/7.0/toolchain/avr8/avr8-gnu-toolchain/bin/../lib/gcc/avr/5.4.0/../../../../avr/lib/avr5\libm.a(fp_round.o)
                              c:/program files (x86)/atmel/studio/7.0/toolchain/avr8/avr8-gnu-toolchain/bin/../lib/gcc/avr/5.4.0/../../../../avr/lib/avr5\libm.a(addsf3.o) (__fp_round)
c:/program files (x86)/atmel/studio/7.0/toolchain/avr8/avr8-gnu-toolchain/bin/../lib/gcc/avr/5.4.0/../../../../avr/lib/avr5\libm.a(fp_sinus.o)
                              c:/program files (x86)/atmel/studio/7.0/toolchain/avr8/avr8-gnu-toolchain/bin/../lib/gcc/avr/5.4.0/../../../../avr/lib/avr5\libm.a(cos.o) (__fp_sinus)
c:/program files (x86)/atmel/studio/7.0/toolchain/avr8/avr8-gnu-toolchain/bin/../lib/gcc/avr/5.4.0/../../../../avr/lib/avr5\libm.a(fp_split3.o)
[...]
Memory Configuration

Name             Origin             Length             Attributes
text             0x00000000         0x00008000         xr
data             0x00800100         0x00000800         rw !x
eeprom           0x00810000         0x00000400         rw !x
fuse             0x00820000         0x00000003         rw !x
lock             0x00830000         0x00000400         rw !x
signature        0x00840000         0x00000400         rw !x
user_signatures  0x00850000         0x00000400         rw !x
*default*        0x00000000         0xffffffff

Linker script and memory map

Address of section .data set to 0x800100
LOAD C:/Program Files (x86)/Atmel/Studio/7.0/Packs/Atmel/ATmega_DFP/1.4.351/gcc/dev/atmega328p/avr5/crtatmega328p.o
LOAD ardooweeno.o
LOAD EepromManager.o
LOAD F1975.o
LOAD Goertzel.o
LOAD i2c.o
LOAD linkbus.o
LOAD main.o
LOAD morse.o
LOAD rv3028.o
START GROUP
LOAD c:/program files (x86)/atmel/studio/7.0/toolchain/avr8/avr8-gnu-toolchain/bin/../lib/gcc/avr/5.4.0/../../../../avr/lib/avr5\libm.a
END GROUP
LOAD c:/program files (x86)/atmel/studio/7.0/toolchain/avr8/avr8-gnu-toolchain/bin/../lib/gcc/avr/5.4.0/avr5\libgcc.a
LOAD c:/program files (x86)/atmel/studio/7.0/toolchain/avr8/avr8-gnu-toolchain/bin/../lib/gcc/avr/5.4.0/../../../../avr/lib/avr5\libm.a
START GROUP
LOAD c:/program files (x86)/atmel/studio/7.0/toolchain/avr8/avr8-gnu-toolchain/bin/../lib/gcc/avr/5.4.0/avr5\libgcc.a
LOAD c:/program files (x86)/atmel/studio/7.0/toolchain/avr8/avr8-gnu-toolchain/bin/../lib/gcc/avr/5.4.0/../../../../avr/lib/avr5\libm.a
LOAD c:/program files (x86)/atmel/studio/7.0/toolchain/avr8/avr8-gnu-toolchain/bin/../lib/gcc/avr/5.4.0/../../../../avr/lib/avr5\libc.a
LOAD C:/Program Files (x86)/Atmel/Studio/7.0/Packs/Atmel/ATmega_DFP/1.4.351/gcc/dev/atmega328p/avr5\libatmega328p.a
END GROUP
                0x00000000                __TEXT_REGION_ORIGIN__ = DEFINED (__TEXT_REGION_ORIGIN__)?__TEXT_REGION_ORIGIN__:0x0
                [0x00800100]                __DATA_REGION_ORIGIN__ = DEFINED (__DATA_REGION_ORIGIN__)?__DATA_REGION_ORIGIN__:0x800060
                [0x00008000]                __TEXT_REGION_LENGTH__ = DEFINED (__TEXT_REGION_LENGTH__)?__TEXT_REGION_LENGTH__:0x20000
                [0x00000800]                __DATA_REGION_LENGTH__ = DEFINED (__DATA_REGION_LENGTH__)?__DATA_REGION_LENGTH__:0xffa0
                [0x00000400]                __EEPROM_REGION_LENGTH__ = DEFINED (__EEPROM_REGION_LENGTH__)?__EEPROM_REGION_LENGTH__:0x10000
                [0x00000003]                __FUSE_REGION_LENGTH__ = DEFINED (__FUSE_REGION_LENGTH__)?__FUSE_REGION_LENGTH__:0x400
                0x00000400                __LOCK_REGION_LENGTH__ = DEFINED (__LOCK_REGION_LENGTH__)?__LOCK_REGION_LENGTH__:0x400
                0x00000400                __SIGNATURE_REGION_LENGTH__ = DEFINED (__SIGNATURE_REGION_LENGTH__)?__SIGNATURE_REGION_LENGTH__:0x400
                0x00000400                __USER_SIGNATURE_REGION_LENGTH__ = DEFINED (__USER_SIGNATURE_REGION_LENGTH__)?__USER_SIGNATURE_REGION_LENGTH__:0x400

.hash
 *(.hash)

.dynsym
 *(.dynsym)

.dynstr
 *(.dynstr)

.gnu.version
 *(.gnu.version)

.gnu.version_d
 *(.gnu.version_d)

.gnu.version_r
 *(.gnu.version_r)

.rel.init
 *(.rel.init)

.rela.init
 *(.rela.init)

.rel.text
 *(.rel.text)
 *(.rel.text.*)
 *(.rel.gnu.linkonce.t*)

.rela.text
 *(.rela.text)
 *(.rela.text.*)
 *(.rela.gnu.linkonce.t*)

.rel.fini
 *(.rel.fini)

.rela.fini
 *(.rela.fini)

.rel.rodata
 *(.rel.rodata)
 *(.rel.rodata.*)
 *(.rel.gnu.linkonce.r*)

.rela.rodata
 *(.rela.rodata)
 *(.rela.rodata.*)
 *(.rela.gnu.linkonce.r*)

.rel.data
 *(.rel.data)
 *(.rel.data.*)
 *(.rel.gnu.linkonce.d*)

.rela.data
 *(.rela.data)
 *(.rela.data.*)
 *(.rela.gnu.linkonce.d*)

.rel.ctors
 *(.rel.ctors)

.rela.ctors
 *(.rela.ctors)

.rel.dtors
 *(.rel.dtors)

.rela.dtors
 *(.rela.dtors)

.rel.got
 *(.rel.got)

.rela.got
 *(.rela.got)

.rel.bss
 *(.rel.bss)

.rela.bss
 *(.rela.bss)

.rel.plt
 *(.rel.plt)

.rela.plt
 *(.rela.plt)

.text           0x00000000     0x698e
 *(.vectors)
 .vectors       0x00000000       0x68 C:/Program Files (x86)/Atmel/Studio/7.0/Packs/Atmel/ATmega_DFP/1.4.351/gcc/dev/atmega328p/avr5/crtatmega328p.o
                0x00000000                __vector_default
                0x00000000                __vectors
 *(.vectors)
 *(.progmem.gcc*)
 .progmem.gcc_sw_table._Z7pinModehh
                0x00000068       0x28 ardooweeno.o
 .progmem.gcc_sw_table._Z11digitalReadh
                0x00000090       0x20 ardooweeno.o
 .progmem.gcc_sw_table._Z12digitalWritehh
                0x000000b0       0x24 ardooweeno.o
 .progmem.gcc_sw_table._ZN13EepromManager15updateEEPROMVarE8EE_var_tPv
                0x000000d4       0x1c EepromManager.o
 .progmem.gcc_sw_table._ZN13EepromManager16sendEEPROMStringE8EE_var_t
                0x000000f0       0x16 EepromManager.o
 .progmem.gcc_sw_table._Z11setupForFoxP5Fox_t13EventAction_t
                0x00000106       0x26 main.o
 .progmem.gcc_sw_table._Z10processKeyc
                0x0000012c       0x28 main.o
 .progmem.gcc_sw_table._Z12getMorseCharc
                0x00000154       0xba morse.o
 .progmem.gcc_fplib
                0x0000020e       0x1e c:/program files (x86)/atmel/studio/7.0/toolchain/avr8/avr8-gnu-toolchain/bin/../lib/gcc/avr/5.4.0/../../../../avr/lib/avr5\libm.a(fp_sinus.o)
                0x0000022c                . = ALIGN (0x2)
                0x0000022c                __trampolines_start = .
 *(.trampolines)
 .trampolines   0x0000022c        0x0 linker stubs
 *(.trampolines*)
                0x0000022c                __trampolines_end = .
 *libprintf_flt.a:*(.progmem.data)
 *libc.a:*(.progmem.data)
 *(.progmem*)
                0x0000022c                . = ALIGN (0x2)
 *(.jumptables)
 *(.jumptables*)
 *(.lowtext)
 *(.lowtext*)
                0x0000022c                __ctors_start = .
 *(.ctors)
 .ctors         0x0000022c        0x2 main.o
                0x0000022e                __ctors_end = .
                0x0000022e                __dtors_start = .
 *(.dtors)
 .dtors         0x0000022e        0x2 main.o
                0x00000230                __dtors_end = .
 SORT(*)(.ctors)
 SORT(*)(.dtors)
 *(.init0)
 .init0         0x00000230        0x0 C:/Program Files (x86)/Atmel/Studio/7.0/Packs/Atmel/ATmega_DFP/1.4.351/gcc/dev/atmega328p/avr5/crtatmega328p.o
                0x00000230                __init
 *(.init0)
 *(.init1)
 *(.init1)
 *(.init2)
 .init2         0x00000230        0xc C:/Program Files (x86)/Atmel/Studio/7.0/Packs/Atmel/ATmega_DFP/1.4.351/gcc/dev/atmega328p/avr5/crtatmega328p.o
 *(.init2)
 *(.init3)
 *(.init3)
 *(.init4)
 .init4         0x0000023c       0x16 c:/program files (x86)/atmel/studio/7.0/toolchain/avr8/avr8-gnu-toolchain/bin/../lib/gcc/avr/5.4.0/avr5\libgcc.a(_copy_data.o)
                0x0000023c                __do_copy_data
 .init4         0x00000252       0x10 c:/program files (x86)/atmel/studio/7.0/toolchain/avr8/avr8-gnu-toolchain/bin/../lib/gcc/avr/5.4.0/avr5\libgcc.a(_clear_bss.o)
                0x00000252                __do_clear_bss
 *(.init4)
 *(.init5)
 *(.init5)
 *(.init6)
 .init6         0x00000262       0x16 c:/program files (x86)/atmel/studio/7.0/toolchain/avr8/avr8-gnu-toolchain/bin/../lib/gcc/avr/5.4.0/avr5\libgcc.a(_ctors.o)
                0x00000262                __do_global_ctors
 *(.init6)
 *(.init7)
 *(.init7)
 *(.init8)
 *(.init8)
 *(.init9)
 .init9         0x00000278        0x8 C:/Program Files (x86)/Atmel/Studio/7.0/Packs/Atmel/ATmega_DFP/1.4.351/gcc/dev/atmega328p/avr5/crtatmega328p.o
 *(.init9)
 *(.text)
 .text          0x00000280        0x4 C:/Program Files (x86)/Atmel/Studio/7.0/Packs/Atmel/ATmega_DFP/1.4.351/gcc/dev/atmega328p/avr5/crtatmega328p.o
                0x00000280                __vector_22
                0x00000280                __vector_24
                0x00000280                __vector_12
                0x00000280                __bad_interrupt
                0x00000280                __vector_6
                0x00000280                __vector_3
                0x00000280                __vector_23
                0x00000280                __vector_25
                0x00000280                __vector_13
                0x00000280                __vector_17
                0x00000280                __vector_7
                0x00000280                __vector_4
                0x00000280                __vector_9
                0x00000280                __vector_2
                0x00000280                __vector_15
                0x00000280                __vector_10
                0x00000280                __vector_16
                0x00000280                __vector_20
 .text          0x00000284       0x1a c:/program files (x86)/atmel/studio/7.0/toolchain/avr8/avr8-gnu-toolchain/bin/../lib/gcc/avr/5.4.0/../../../../avr/lib/avr5\libc.a(month_length.o)
                0x00000284                month_length
 .text          0x0000029e       0x28 c:/program files (x86)/atmel/studio/7.0/toolchain/avr8/avr8-gnu-toolchain/bin/../lib/gcc/avr/5.4.0/../../../../avr/lib/avr5\libc.a(isLeap.o)
                0x0000029e                is_leap_year
                0x000002c6                . = ALIGN (0x2)
 *(.text.*)
 .text._Z7pinModehh
                0x000002c6      0x1a0 ardooweeno.o
                0x000002c6                _Z7pinModehh
 .text._Z11digitalReadh
                0x00000466       0x96 ardooweeno.o
                0x00000466                _Z11digitalReadh
 .text._Z12digitalWritehh
                0x000004fc       0xd4 ardooweeno.o
                0x000004fc                _Z12digitalWritehh
 .text._ZN13EepromManagerC2Ev
                0x000005d0        0x2 EepromManager.o
                0x000005d0                _ZN13EepromManagerC1Ev
                0x000005d0                _ZN13EepromManagerC2Ev
 .text._ZN13EepromManagerD2Ev
                0x000005d2        0x2 EepromManager.o
                0x000005d2                _ZN13EepromManagerD1Ev
                0x000005d2                _ZN13EepromManagerD2Ev
 .text._ZN13EepromManager15updateEEPROMVarE8EE_var_tPv
                0x000005d4      0x104 EepromManager.o
                0x000005d4                _ZN13EepromManager15updateEEPROMVarE8EE_var_tPv
 .text._ZN13EepromManager16sendEEPROMStringE8EE_var_t
                0x000006d8       0xae EepromManager.o
                0x000006d8                _ZN13EepromManager16sendEEPROMStringE8EE_var_t
 .text._ZN13EepromManager11readNonVolsEv
                0x00000786      0x1c8 EepromManager.o
                0x00000786                _ZN13EepromManager11readNonVolsEv
 .text._ZN13EepromManager17resetEEPROMValuesEv
                0x0000094e       0xb2 EepromManager.o
                0x0000094e                _ZN13EepromManager17resetEEPROMValuesEv
 .text._ZN13EepromManager9send_HelpEv
                0x00000a00       0x28 EepromManager.o
                0x00000a00                _ZN13EepromManager9send_HelpEv
 .text._ZN13EepromManager20readTemperatureTableEi
                0x00000a28       0x10 EepromManager.o
                0x00000a28                _ZN13EepromManager20readTemperatureTableEi
 .text._Z8setAttenj
                0x00000a38       0x6a F1975.o
                0x00000a38                _Z8setAttenj
 .text._Z18setupPortsForF1975v
                0x00000aa2       0x46 F1975.o
                0x00000aa2                _Z18setupPortsForF1975v
 .text._ZN8GoertzelC2Eff
                0x00000ae8       0x9c Goertzel.o
                0x00000ae8                _ZN8GoertzelC1Eff
                0x00000ae8                _ZN8GoertzelC2Eff
 .text._ZN8GoertzelD2Ev
                0x00000b84        0xe Goertzel.o
                0x00000b84                _ZN8GoertzelD2Ev
                0x00000b84                _ZN8GoertzelD1Ev
 .text._ZN8Goertzel13ResetGoertzelEv
                0x00000b92       0x26 Goertzel.o
                0x00000b92                _ZN8Goertzel13ResetGoertzelEv
 .text._ZN8Goertzel18SetTargetFrequencyEf
                0x00000bb8       0xc6 Goertzel.o
                0x00000bb8                _ZN8Goertzel18SetTargetFrequencyEf
 .text._ZN8Goertzel13ProcessSampleEi
                0x00000c7e       0xa8 Goertzel.o
                0x00000c7e                _ZN8Goertzel13ProcessSampleEi
 .text._ZN8Goertzel9DataPointEi
                0x00000d26       0x58 Goertzel.o
                0x00000d26                _ZN8Goertzel9DataPointEi
 .text._ZN8Goertzel12SamplesReadyEv
                0x00000d7e        0x6 Goertzel.o
                0x00000d7e                _ZN8Goertzel12SamplesReadyEv
 .text._ZN8Goertzel10Magnitude2Ev
                0x00000d84      0x108 Goertzel.o
                0x00000d84                _ZN8Goertzel10Magnitude2Ev
 .text._Z8i2c_initv
                0x00000e8c       0x22 i2c.o
                0x00000e8c                _Z8i2c_initv
 .text._Z9i2c_startv
                0x00000eae       0x34 i2c.o
                0x00000eae                _Z9i2c_startv
 .text._Z8i2c_stopv
                0x00000ee2        0x8 i2c.o
                0x00000ee2                _Z8i2c_stopv
 .text._Z17i2c_write_successhh
                0x00000eea       0x3a i2c.o
                0x00000eea                _Z17i2c_write_successhh
 .text._Z12i2c_read_ackv
                0x00000f24       0x1e i2c.o
                0x00000f24                _Z12i2c_read_ackv
 .text._Z13i2c_read_nackv
                0x00000f42       0x1e i2c.o
                0x00000f42                _Z13i2c_read_nackv
 .text._Z10i2c_statush
                0x00000f60       0x1e i2c.o
                0x00000f60                _Z10i2c_statush
 .text._Z16i2c_device_writehhPhh
                0x00000f7e       0xc6 i2c.o
                0x00000f7e                _Z16i2c_device_writehhPhh
 .text._Z15i2c_device_readhhPhh
                0x00001044      0x142 i2c.o
                0x00001044                _Z15i2c_device_readhhPhh
 .text._Z16nextFullTxBufferv
                0x00001186       0x4e linkbus.o
                0x00001186                _Z16nextFullTxBufferv
 .text._Z17nextEmptyTxBufferv
                0x000011d4       0x4e linkbus.o
                0x000011d4                _Z17nextEmptyTxBufferv
 .text._Z17nextEmptyRxBufferv
                0x00001222       0x5c linkbus.o
                0x00001222                _Z17nextEmptyRxBufferv
 .text._Z16nextFullRxBufferv
                0x0000127e       0x5c linkbus.o
                0x0000127e                _Z16nextFullRxBufferv
 .text._Z19linkbusTxInProgressv
                0x000012da        0x6 linkbus.o
                0x000012da                _Z19linkbusTxInProgressv
 .text._Z16linkbus_start_txv
                0x000012e0       0x20 linkbus.o
                0x000012e0                _Z16linkbus_start_txv
 .text._Z14linkbus_end_txv
                0x00001300       0x18 linkbus.o
                0x00001300                _Z14linkbus_end_txv
 .text._Z12linkbus_initm
                0x00001318       0x48 linkbus.o
                0x00001318                _Z12linkbus_initm
 .text._Z15linkbus_disablev
                0x00001360       0x2a linkbus.o
                0x00001360                _Z15linkbus_disablev
 .text._Z17linkbus_send_textPc
                0x0000138a       0x7c linkbus.o
                0x0000138a                _Z17linkbus_send_textPc
 .text._Z17lb_send_NewPromptv
                0x00001406       0x16 linkbus.o
                0x00001406                _Z17lb_send_NewPromptv
 .text._Z15lb_send_NewLinev
                0x0000141c       0x12 linkbus.o
                0x0000141c                _Z15lb_send_NewLinev
 .text._Z12lb_echo_charh
                0x0000142e       0x18 linkbus.o
                0x0000142e                _Z12lb_echo_charh
 .text._Z14lb_send_stringPch
                0x00001446       0x6c linkbus.o
                0x00001446                _Z14lb_send_stringPch
 .text._Z10lb_enabledv
                0x000014b2        0xc linkbus.o
                0x000014b2                _Z10lb_enabledv
 .text.__vector_21
                0x000014be       0x70 main.o
                0x000014be                __vector_21
 .text.__vector_18
                0x0000152e      0x338 main.o
                0x0000152e                __vector_18
 .text.__vector_19
                0x00001866       0x9a main.o
                0x00001866                __vector_19
 .text.__vector_1
                0x00001900      0x880 main.o
                0x00001900                __vector_1
 .text.__vector_14
                0x00002180       0x7a main.o
                0x00002180                __vector_14
 .text.__vector_11
                0x000021fa       0xc4 main.o
                0x000021fa                __vector_11
 .text._Z23clockConfigurationCheckv
                0x000022be      0x106 main.o
                0x000022be                _Z23clockConfigurationCheckv
 .text._Z13sendMorseToneh
                0x000023c4       0x14 main.o
                0x000023c4                _Z13sendMorseToneh
 .text.__vector_8
                0x000023d8      0x358 main.o
                0x000023d8                __vector_8
 .text._Z11setupForFoxP5Fox_t13EventAction_t
                0x00002730      0x3d4 main.o
                0x00002730                _Z11setupForFoxP5Fox_t13EventAction_t
 .text._Z7readADCv
                0x00002b04       0x2c main.o
                0x00002b04                _Z7readADCv
 .text._Z7getTempv
                0x00002b30       0xb0 main.o
                0x00002b30                _Z7getTempv
 .text._Z10getVoltagev
                0x00002be0       0x28 main.o
                0x00002be0                _Z10getVoltagev
 .text._Z13setUpSampling12ADCChannel_th
                0x00002c08       0x90 main.o
                0x00002c08                _Z13setUpSampling12ADCChannel_th
 .text._Z11only_digitsPc
                0x00002c98       0x1c main.o
                0x00002c98                _Z11only_digitsPc
 .text._Z13startEventNow19EventActionSource_t
                0x00002cb4       0xa4 main.o
                0x00002cb4                _Z13startEventNow19EventActionSource_t
 .text._Z12stopEventNow19EventActionSource_t
                0x00002d58       0x58 main.o
                0x00002d58                _Z12stopEventNow19EventActionSource_t
 .text.__vector_5
                0x00002db0       0x98 main.o
                0x00002db0                __vector_5
 .text._Z18reportConfigErrorsv
                0x00002e48      0x110 main.o
                0x00002e48                _Z18reportConfigErrorsv
 .text._Z14reportTimeTillmmPKcS0_
                0x00002f58      0x28a main.o
                0x00002f58                _Z14reportTimeTillmmPKcS0_
 .text._Z18startEventUsingRTCv
                0x000031e2       0xf8 main.o
                0x000031e2                _Z18startEventUsingRTCv
 .text._Z18validateTimeStringPcPma
                0x000032da      0x214 main.o
                0x000032da                _Z18validateTimeStringPcPma
 .text._Z18setAMToneFrequencyh
                0x000034ee       0x78 main.o
                0x000034ee                _Z18setAMToneFrequencyh
 .text._Z17handleLinkBusMsgsv
                0x00003566      0xb18 main.o
                0x00003566                _Z17handleLinkBusMsgsv
 .text._Z10processKeyc
                0x0000407e      0x880 main.o
                0x0000407e                _Z10processKeyc
 .text._Z4loopv
                0x000048fe      0x468 main.o
                0x000048fe                _Z4loopv
 .text.main     0x00004d66      0x228 main.o
                0x00004d66                main
 .text._GLOBAL__sub_I_ee_mgr
                0x00004f8e       0x2a main.o
 .text._GLOBAL__sub_D_ee_mgr
                0x00004fb8       0x12 main.o
 .text._Z12getMorseCharc
                0x00004fca      0x1ec morse.o
                0x00004fca                _Z12getMorseCharc
 .text._Z9makeMorsePcPhS0_
                0x000051b6      0x1fc morse.o
                0x000051b6                _Z9makeMorsePcPhS0_
 .text._Z26timeRequiredToSendStrAtWPMPcj
                0x000053b2       0x6e morse.o
                0x000053b2                _Z26timeRequiredToSendStrAtWPMPcj
 .text._Z7bcd2dech
                0x00005420       0x18 rv3028.o
                0x00005420                _Z7bcd2dech
 .text._Z8char2bcdPc
                0x00005438       0x12 rv3028.o
                0x00005438                _Z8char2bcdPc
 .text._Z16rv3028_set_epochm
                0x0000544a       0x40 rv3028.o
                0x0000544a                _Z16rv3028_set_epochm
 .text._Z16rv3028_get_epochv
                0x0000548a       0x5e rv3028.o
                0x0000548a                _Z16rv3028_get_epochv
 .text._Z16rv3028_get_epochPbPc
                0x000054e8      0x1d4 rv3028.o
                0x000054e8                _Z16rv3028_get_epochPbPc
 .text._Z21rv3028_set_offset_RAMj
                0x000056bc       0x38 rv3028.o
                0x000056bc                _Z21rv3028_set_offset_RAMj
 .text._Z13rv3028_1s_sqwh
                0x000056f4       0x74 rv3028.o
                0x000056f4                _Z13rv3028_1s_sqwh
 .text._Z18waitForEEPROMReadyv
                0x00005768       0x3e rv3028.o
                0x00005768                _Z18waitForEEPROMReadyv
 .text._Z20refreshRAMfromEEPROMv
                0x000057a6       0x40 rv3028.o
                0x000057a6                _Z20refreshRAMfromEEPROMv
 .text._Z21rv3028_get_offset_RAMv
                0x000057e6       0x38 rv3028.o
                0x000057e6                _Z21rv3028_get_offset_RAMv
 .text.avr-libc.fplib
                0x0000581e        0xe c:/program files (x86)/atmel/studio/7.0/toolchain/avr8/avr8-gnu-toolchain/bin/../lib/gcc/avr/5.4.0/../../../../avr/lib/avr5\libm.a(addsf3.o)
                0x0000581e                __subsf3
                0x00005820                __addsf3
 .text.avr-libc.fplib
                0x0000582c       0xcc c:/program files (x86)/atmel/studio/7.0/toolchain/avr8/avr8-gnu-toolchain/bin/../lib/gcc/avr/5.4.0/../../../../avr/lib/avr5\libm.a(addsf3x.o)
                0x0000584e                __addsf3x
 .text.avr-libc.fplib
                0x000058f8        0xa c:/program files (x86)/atmel/studio/7.0/toolchain/avr8/avr8-gnu-toolchain/bin/../lib/gcc/avr/5.4.0/../../../../avr/lib/avr5\libm.a(cmpsf2.o)
                0x000058f8                __nesf2
                0x000058f8                __eqsf2
                0x000058f8                __cmpsf2
                0x000058f8                __ltsf2
                0x000058f8                __lesf2
 .text.avr-libc.fplib
                0x00005902        0xa c:/program files (x86)/atmel/studio/7.0/toolchain/avr8/avr8-gnu-toolchain/bin/../lib/gcc/avr/5.4.0/../../../../avr/lib/avr5\libm.a(cos.o)
                0x00005902                cos
 .text.avr-libc.fplib
                0x0000590c        0x8 c:/program files (x86)/atmel/studio/7.0/toolchain/avr8/avr8-gnu-toolchain/bin/../lib/gcc/avr/5.4.0/../../../../avr/lib/avr5\libm.a(divsf3.o)
                0x0000590c                __divsf3
 .text.avr-libc.fplib
                0x00005914       0xdc c:/program files (x86)/atmel/studio/7.0/toolchain/avr8/avr8-gnu-toolchain/bin/../lib/gcc/avr/5.4.0/../../../../avr/lib/avr5\libm.a(divsf3x.o)
                0x00005934                __divsf3x
                0x0000593a                __divsf3_pse
 .text.avr-libc.fplib
                0x000059f0        0xe c:/program files (x86)/atmel/studio/7.0/toolchain/avr8/avr8-gnu-toolchain/bin/../lib/gcc/avr/5.4.0/../../../../avr/lib/avr5\libm.a(fixsfsi.o)
                0x000059f0                __fixsfsi
 .text.avr-libc.fplib
                0x000059fe       0x5e c:/program files (x86)/atmel/studio/7.0/toolchain/avr8/avr8-gnu-toolchain/bin/../lib/gcc/avr/5.4.0/../../../../avr/lib/avr5\libm.a(fixunssfsi.o)
                0x000059fe                __fixunssfsi
 .text.avr-libc.fplib
                0x00005a5c       0x7a c:/program files (x86)/atmel/studio/7.0/toolchain/avr8/avr8-gnu-toolchain/bin/../lib/gcc/avr/5.4.0/../../../../avr/lib/avr5\libm.a(floatsisf.o)
                0x00005a5c                __floatunsisf
                0x00005a60                __floatsisf
 .text.avr-libc.fplib
                0x00005ad6       0x48 c:/program files (x86)/atmel/studio/7.0/toolchain/avr8/avr8-gnu-toolchain/bin/../lib/gcc/avr/5.4.0/../../../../avr/lib/avr5\libm.a(fp_cmp.o)
                0x00005ad6                __fp_cmp
 .text.avr-libc.fplib
                0x00005b1e        0xc c:/program files (x86)/atmel/studio/7.0/toolchain/avr8/avr8-gnu-toolchain/bin/../lib/gcc/avr/5.4.0/../../../../avr/lib/avr5\libm.a(fp_inf.o)
                0x00005b1e                __fp_inf
 .text.avr-libc.fplib
                0x00005b2a        0x6 c:/program files (x86)/atmel/studio/7.0/toolchain/avr8/avr8-gnu-toolchain/bin/../lib/gcc/avr/5.4.0/../../../../avr/lib/avr5\libm.a(fp_nan.o)
                0x00005b2a                __fp_nan
 .text.avr-libc.fplib
                0x00005b30        0xe c:/program files (x86)/atmel/studio/7.0/toolchain/avr8/avr8-gnu-toolchain/bin/../lib/gcc/avr/5.4.0/../../../../avr/lib/avr5\libm.a(fp_pscA.o)
                0x00005b30                __fp_pscA
 .text.avr-libc.fplib
                0x00005b3e        0xe c:/program files (x86)/atmel/studio/7.0/toolchain/avr8/avr8-gnu-toolchain/bin/../lib/gcc/avr/5.4.0/../../../../avr/lib/avr5\libm.a(fp_pscB.o)
                0x00005b3e                __fp_pscB
 .text.avr-libc.fplib
                0x00005b4c       0x56 c:/program files (x86)/atmel/studio/7.0/toolchain/avr8/avr8-gnu-toolchain/bin/../lib/gcc/avr/5.4.0/../../../../avr/lib/avr5\libm.a(fp_rempio2.o)
                0x00005b50                __fp_rempio2
 .text.avr-libc.fplib
                0x00005ba2       0x22 c:/program files (x86)/atmel/studio/7.0/toolchain/avr8/avr8-gnu-toolchain/bin/../lib/gcc/avr/5.4.0/../../../../avr/lib/avr5\libm.a(fp_round.o)
                0x00005ba2                __fp_round
 .text.avr-libc.fplib
                0x00005bc4       0x28 c:/program files (x86)/atmel/studio/7.0/toolchain/avr8/avr8-gnu-toolchain/bin/../lib/gcc/avr/5.4.0/../../../../avr/lib/avr5\libm.a(fp_sinus.o)
                0x00005bc4                __fp_sinus
 .text.avr-libc.fplib
                0x00005bec       0x44 c:/program files (x86)/atmel/studio/7.0/toolchain/avr8/avr8-gnu-toolchain/bin/../lib/gcc/avr/5.4.0/../../../../avr/lib/avr5\libm.a(fp_split3.o)
                0x00005bec                __fp_split3
                0x00005bfc                __fp_splitA
 .text.avr-libc.fplib
                0x00005c30        0xe c:/program files (x86)/atmel/studio/7.0/toolchain/avr8/avr8-gnu-toolchain/bin/../lib/gcc/avr/5.4.0/../../../../avr/lib/avr5\libm.a(fp_zero.o)
                0x00005c30                __fp_zero
                0x00005c32                __fp_szero
 .text.avr-libc.fplib
                0x00005c3e        0xa c:/program files (x86)/atmel/studio/7.0/toolchain/avr8/avr8-gnu-toolchain/bin/../lib/gcc/avr/5.4.0/../../../../avr/lib/avr5\libm.a(gesf2.o)
                0x00005c3e                __gesf2
                0x00005c3e                __gtsf2
 .text.avr-libc.fplib
                0x00005c48        0x8 c:/program files (x86)/atmel/studio/7.0/toolchain/avr8/avr8-gnu-toolchain/bin/../lib/gcc/avr/5.4.0/../../../../avr/lib/avr5\libm.a(mulsf3.o)
                0x00005c48                __mulsf3
 .text.avr-libc.fplib
                0x00005c50       0xd2 c:/program files (x86)/atmel/studio/7.0/toolchain/avr8/avr8-gnu-toolchain/bin/../lib/gcc/avr/5.4.0/../../../../avr/lib/avr5\libm.a(mulsf3x.o)
                0x00005c6e                __mulsf3x
                0x00005c74                __mulsf3_pse
 .text.avr-libc.fplib
                0x00005d22       0x48 c:/program files (x86)/atmel/studio/7.0/toolchain/avr8/avr8-gnu-toolchain/bin/../lib/gcc/avr/5.4.0/../../../../avr/lib/avr5\libm.a(round.o)
                0x00005d22                round
 .text.avr-libc.fplib
                0x00005d6a       0x36 c:/program files (x86)/atmel/studio/7.0/toolchain/avr8/avr8-gnu-toolchain/bin/../lib/gcc/avr/5.4.0/../../../../avr/lib/avr5\libm.a(fp_mintl.o)
                0x00005d6a                __fp_mintl
 .text.avr-libc.fplib
                0x00005da0       0x1c c:/program files (x86)/atmel/studio/7.0/toolchain/avr8/avr8-gnu-toolchain/bin/../lib/gcc/avr/5.4.0/../../../../avr/lib/avr5\libm.a(fp_mpack.o)
                0x00005da0                __fp_mpack
                0x00005da4                __fp_mpack_finite
 .text.avr-libc.fplib
                0x00005dbc       0x28 c:/program files (x86)/atmel/studio/7.0/toolchain/avr8/avr8-gnu-toolchain/bin/../lib/gcc/avr/5.4.0/../../../../avr/lib/avr5\libm.a(fp_powsodd.o)
                0x00005dbc                __fp_powsodd
 .text.avr-libc.fplib
                0x00005de4       0x4e c:/program files (x86)/atmel/studio/7.0/toolchain/avr8/avr8-gnu-toolchain/bin/../lib/gcc/avr/5.4.0/../../../../avr/lib/avr5\libm.a(fp_powser.o)
                0x00005de4                __fp_powser
 .text.libgcc.mul
                0x00005e32       0x20 c:/program files (x86)/atmel/studio/7.0/toolchain/avr8/avr8-gnu-toolchain/bin/../lib/gcc/avr/5.4.0/avr5\libgcc.a(_mulsi3.o)
                0x00005e32                __mulsi3
 .text.libgcc.div
                0x00005e52       0x28 c:/program files (x86)/atmel/studio/7.0/toolchain/avr8/avr8-gnu-toolchain/bin/../lib/gcc/avr/5.4.0/avr5\libgcc.a(_udivmodhi4.o)
                0x00005e52                __udivmodhi4
 .text.libgcc.div
                0x00005e7a       0x28 c:/program files (x86)/atmel/studio/7.0/toolchain/avr8/avr8-gnu-toolchain/bin/../lib/gcc/avr/5.4.0/avr5\libgcc.a(_divmodhi4.o)
                0x00005e7a                _div
                0x00005e7a                __divmodhi4
 .text.libgcc.div
                0x00005ea2       0x44 c:/program files (x86)/atmel/studio/7.0/toolchain/avr8/avr8-gnu-toolchain/bin/../lib/gcc/avr/5.4.0/avr5\libgcc.a(_udivmodsi4.o)
                0x00005ea2                __udivmodsi4
 .text.libgcc.div
                0x00005ee6       0x2e c:/program files (x86)/atmel/studio/7.0/toolchain/avr8/avr8-gnu-toolchain/bin/../lib/gcc/avr/5.4.0/avr5\libgcc.a(_divmodsi4.o)
                0x00005ee6                __divmodsi4
 .text.libgcc.div
                0x00005f14       0x10 c:/program files (x86)/atmel/studio/7.0/toolchain/avr8/avr8-gnu-toolchain/bin/../lib/gcc/avr/5.4.0/avr5\libgcc.a(_negsi2.o)
                0x00005f14                __negsi2
 .text.libgcc   0x00005f24        0xc c:/program files (x86)/atmel/studio/7.0/toolchain/avr8/avr8-gnu-toolchain/bin/../lib/gcc/avr/5.4.0/avr5\libgcc.a(_tablejump2.o)
                0x00005f24                __tablejump2__
 .text.libgcc.mul
                0x00005f30       0x1e c:/program files (x86)/atmel/studio/7.0/toolchain/avr8/avr8-gnu-toolchain/bin/../lib/gcc/avr/5.4.0/avr5\libgcc.a(_umulhisi3.o)
                0x00005f30                __umulhisi3
 .text.libgcc.mul
                0x00005f4e        0xe c:/program files (x86)/atmel/studio/7.0/toolchain/avr8/avr8-gnu-toolchain/bin/../lib/gcc/avr/5.4.0/avr5\libgcc.a(_usmulhisi3.o)
                0x00005f4e                __usmulhisi3
                0x00005f52                __usmulhisi3_tail
 .text.libgcc.mul
                0x00005f5c       0x16 c:/program files (x86)/atmel/studio/7.0/toolchain/avr8/avr8-gnu-toolchain/bin/../lib/gcc/avr/5.4.0/avr5\libgcc.a(_muluhisi3.o)
                0x00005f5c                __muluhisi3
 .text.libgcc.mul
                0x00005f72       0x10 c:/program files (x86)/atmel/studio/7.0/toolchain/avr8/avr8-gnu-toolchain/bin/../lib/gcc/avr/5.4.0/avr5\libgcc.a(_mulshisi3.o)
                0x00005f72                __mulshisi3
                0x00005f78                __mulohisi3
 .text.avr-libc
                0x00005f82      0x242 c:/program files (x86)/atmel/studio/7.0/toolchain/avr8/avr8-gnu-toolchain/bin/../lib/gcc/avr/5.4.0/../../../../avr/lib/avr5\libc.a(malloc.o)
                0x00005f82                malloc
                0x000060b2                free
 .text.avr-libc
                0x000061c4       0x3c c:/program files (x86)/atmel/studio/7.0/toolchain/avr8/avr8-gnu-toolchain/bin/../lib/gcc/avr/5.4.0/../../../../avr/lib/avr5\libc.a(atoi.o)
                0x000061c4                atoi
 .text.avr-libc
                0x00006200       0x4e c:/program files (x86)/atmel/studio/7.0/toolchain/avr8/avr8-gnu-toolchain/bin/../lib/gcc/avr/5.4.0/../../../../avr/lib/avr5\libc.a(atol.o)
                0x00006200                atol
 .text.avr-libc
                0x0000624e       0x10 c:/program files (x86)/atmel/studio/7.0/toolchain/avr8/avr8-gnu-toolchain/bin/../lib/gcc/avr/5.4.0/../../../../avr/lib/avr5\libc.a(toupper.o)
                0x0000624e                toupper
 .text.avr-libc
                0x0000625e       0x16 c:/program files (x86)/atmel/studio/7.0/toolchain/avr8/avr8-gnu-toolchain/bin/../lib/gcc/avr/5.4.0/../../../../avr/lib/avr5\libc.a(strcat.o)
                0x0000625e                strcat
 .text.avr-libc
                0x00006274        0xe c:/program files (x86)/atmel/studio/7.0/toolchain/avr8/avr8-gnu-toolchain/bin/../lib/gcc/avr/5.4.0/../../../../avr/lib/avr5\libc.a(strcpy.o)
                0x00006274                strcpy
 .text.avr-libc
                0x00006282       0x1e c:/program files (x86)/atmel/studio/7.0/toolchain/avr8/avr8-gnu-toolchain/bin/../lib/gcc/avr/5.4.0/../../../../avr/lib/avr5\libc.a(strncpy.o)
                0x00006282                strncpy
 .text.avr-libc
                0x000062a0       0x2a c:/program files (x86)/atmel/studio/7.0/toolchain/avr8/avr8-gnu-toolchain/bin/../lib/gcc/avr/5.4.0/../../../../avr/lib/avr5\libc.a(mulsi10.o)
                0x000062a0                __mulsi_const_10
 .text.avr-libc
                0x000062ca       0x10 c:/program files (x86)/atmel/studio/7.0/toolchain/avr8/avr8-gnu-toolchain/bin/../lib/gcc/avr/5.4.0/../../../../avr/lib/avr5\libc.a(mul10.o)
                0x000062ca                __mulhi_const_10
 .text.avr-libc
                0x000062da       0x44 c:/program files (x86)/atmel/studio/7.0/toolchain/avr8/avr8-gnu-toolchain/bin/../lib/gcc/avr/5.4.0/../../../../avr/lib/avr5\libc.a(sprintf.o)
                0x000062da                sprintf
 .text.avr-libc
                0x0000631e      0x3c2 c:/program files (x86)/atmel/studio/7.0/toolchain/avr8/avr8-gnu-toolchain/bin/../lib/gcc/avr/5.4.0/../../../../avr/lib/avr5\libc.a(vfprintf_std.o)
                0x0000631e                vfprintf
 .text.avr-libc
                0x000066e0       0x16 c:/program files (x86)/atmel/studio/7.0/toolchain/avr8/avr8-gnu-toolchain/bin/../lib/gcc/avr/5.4.0/../../../../avr/lib/avr5\libc.a(strnlen_P.o)
                0x000066e0                strnlen_P
 .text.avr-libc
                0x000066f6       0x16 c:/program files (x86)/atmel/studio/7.0/toolchain/avr8/avr8-gnu-toolchain/bin/../lib/gcc/avr/5.4.0/../../../../avr/lib/avr5\libc.a(strnlen.o)
                0x000066f6                strnlen
 .text.avr-libc
                0x0000670c       0x78 c:/program files (x86)/atmel/studio/7.0/toolchain/avr8/avr8-gnu-toolchain/bin/../lib/gcc/avr/5.4.0/../../../../avr/lib/avr5\libc.a(fputc.o)
                0x0000670c                fputc
 .text.avr-libc
                0x00006784       0xbc c:/program files (x86)/atmel/studio/7.0/toolchain/avr8/avr8-gnu-toolchain/bin/../lib/gcc/avr/5.4.0/../../../../avr/lib/avr5\libc.a(ultoa_invert.o)
                0x00006784                __ultoa_invert
 .text.avr-libc
                0x00006840       0x10 C:/Program Files (x86)/Atmel/Studio/7.0/Packs/Atmel/ATmega_DFP/1.4.351/gcc/dev/atmega328p/avr5\libatmega328p.a(eerd_byte.o)
                0x00006840                eeprom_read_byte
 .text.avr-libc
                0x00006850        0xc C:/Program Files (x86)/Atmel/Studio/7.0/Packs/Atmel/ATmega_DFP/1.4.351/gcc/dev/atmega328p/avr5\libatmega328p.a(eerd_dword.o)
                0x00006850                eeprom_read_float
                0x00006850                eeprom_read_dword
 .text.avr-libc
                0x0000685c        0xc C:/Program Files (x86)/Atmel/Studio/7.0/Packs/Atmel/ATmega_DFP/1.4.351/gcc/dev/atmega328p/avr5\libatmega328p.a(eerd_word.o)
                0x0000685c                eeprom_read_word
 .text.avr-libc
                0x00006868       0x24 C:/Program Files (x86)/Atmel/Studio/7.0/Packs/Atmel/ATmega_DFP/1.4.351/gcc/dev/atmega328p/avr5\libatmega328p.a(eeupd_byte.o)
                0x00006868                eeprom_update_byte
                0x0000686a                eeprom_update_r18
 .text.avr-libc
                0x0000688c       0x18 C:/Program Files (x86)/Atmel/Studio/7.0/Packs/Atmel/ATmega_DFP/1.4.351/gcc/dev/atmega328p/avr5\libatmega328p.a(eeupd_dword.o)
                0x0000688c                eeprom_update_float
                0x0000688c                eeprom_update_dword
 .text.avr-libc
                0x000068a4        0xc C:/Program Files (x86)/Atmel/Studio/7.0/Packs/Atmel/ATmega_DFP/1.4.351/gcc/dev/atmega328p/avr5\libatmega328p.a(eeupd_word.o)
                0x000068a4                eeprom_update_word
 .text.avr-libc
                0x000068b0       0x1c C:/Program Files (x86)/Atmel/Studio/7.0/Packs/Atmel/ATmega_DFP/1.4.351/gcc/dev/atmega328p/avr5\libatmega328p.a(eewr_byte.o)
                0x000068b0                eeprom_write_byte
                0x000068b2                eeprom_write_r18
 .text.avr-libc
                0x000068cc       0x10 C:/Program Files (x86)/Atmel/Studio/7.0/Packs/Atmel/ATmega_DFP/1.4.351/gcc/dev/atmega328p/avr5\libatmega328p.a(eewr_dword.o)
                0x000068cc                eeprom_write_dword
                0x000068cc                eeprom_write_float
 .text.avr-libc
                0x000068dc        0xa C:/Program Files (x86)/Atmel/Studio/7.0/Packs/Atmel/ATmega_DFP/1.4.351/gcc/dev/atmega328p/avr5\libatmega328p.a(eewr_word.o)
                0x000068dc                eeprom_write_word
 .text.avr-libc
                0x000068e6       0x20 C:/Program Files (x86)/Atmel/Studio/7.0/Packs/Atmel/ATmega_DFP/1.4.351/gcc/dev/atmega328p/avr5\libatmega328p.a(eerd_block.o)
                0x000068e6                eeprom_read_block
                0x000068ea                eeprom_read_blraw
 .text.libgcc.prologue
                0x00006906       0x38 c:/program files (x86)/atmel/studio/7.0/toolchain/avr8/avr8-gnu-toolchain/bin/../lib/gcc/avr/5.4.0/avr5\libgcc.a(_prologue.o)
                0x00006906                __prologue_saves__
 .text.libgcc.prologue
                0x0000693e       0x36 c:/program files (x86)/atmel/studio/7.0/toolchain/avr8/avr8-gnu-toolchain/bin/../lib/gcc/avr/5.4.0/avr5\libgcc.a(_epilogue.o)
                0x0000693e                __epilogue_restores__
                0x00006974                . = ALIGN (0x2)
 *(.fini9)
 .fini9         0x00006974        0x0 c:/program files (x86)/atmel/studio/7.0/toolchain/avr8/avr8-gnu-toolchain/bin/../lib/gcc/avr/5.4.0/avr5\libgcc.a(_exit.o)
                0x00006974                _exit
                0x00006974                exit
 *(.fini9)
 *(.fini8)
 *(.fini8)
 *(.fini7)
 *(.fini7)
 *(.fini6)
 .fini6         0x00006974       0x16 c:/program files (x86)/atmel/studio/7.0/toolchain/avr8/avr8-gnu-toolchain/bin/../lib/gcc/avr/5.4.0/avr5\libgcc.a(_dtors.o)
                0x00006974                __do_global_dtors
 *(.fini6)
 *(.fini5)
 *(.fini5)
 *(.fini4)
 *(.fini4)
 *(.fini3)
 *(.fini3)
 *(.fini2)
 *(.fini2)
 *(.fini1)
 *(.fini1)
 *(.fini0)
 .fini0         0x0000698a        0x4 c:/program files (x86)/atmel/studio/7.0/toolchain/avr8/avr8-gnu-toolchain/bin/../lib/gcc/avr/5.4.0/avr5\libgcc.a(_exit.o)
 *(.fini0)
                0x0000698e                _etext = .

.data           0x00800100      0x216 load address 0x0000698e
                0x00800100                PROVIDE (__data_start, .)
 *(.data)
 .data          0x00800100        0x6 c:/program files (x86)/atmel/studio/7.0/toolchain/avr8/avr8-gnu-toolchain/bin/../lib/gcc/avr/5.4.0/../../../../avr/lib/avr5\libc.a(malloc.o)
                0x00800100                __malloc_heap_end
                0x00800102                __malloc_heap_start
                0x00800104                __malloc_margin
 *(.data*)
 .data.g_i2c_not_timed_out
                0x00800106        0x1 i2c.o
                0x00800106                g_i2c_not_timed_out
 .data._ZL14g_bus_disabled
                0x00800107        0x1 linkbus.o
 .data._ZZ10processKeycE5state
                0x00800108        0x2 main.o
 .data._ZZ4loopvE10checkCount
                0x0080010a        0x2 main.o
 .data._ZZ10__vector_8E15holdButtonState
                0x0080010c        0x1 main.o
 .data.g_atmega_temp_calibration
                0x0080010d        0x2 main.o
                0x0080010d                g_atmega_temp_calibration
 .data.g_pattern_codespeed
                0x0080010f        0x1 main.o
                0x0080010f                g_pattern_codespeed
 .data.g_id_codespeed
                0x00800110        0x1 main.o
                0x00800110                g_id_codespeed
 .data.g_LED_timeout_countdown
                0x00800111        0x2 main.o
                0x00800111                g_LED_timeout_countdown
 .data.g_DTMF_unlocked
                0x00800113        0x1 main.o
                0x00800113                g_DTMF_unlocked
 .data.g_fox_tone_offset
                0x00800114        0x2 main.o
                0x00800114                g_fox_tone_offset
 .data.g_fox_counter
                0x00800116        0x2 main.o
                0x00800116                g_fox_counter
 .data.g_transmissions_disabled
                0x00800118        0x1 main.o
                0x00800118                g_transmissions_disabled
 .data.g_AM_enabled
                0x00800119        0x1 main.o
                0x00800119                g_AM_enabled
 .data.g_callsign_sent
                0x0080011a        0x1 main.o
                0x0080011a                g_callsign_sent
 .data._ZZ9makeMorsePcPhS0_E1c
                0x0080011b        0x1 morse.o
 .data._ZZ9makeMorsePcPhS0_E6repeat
                0x0080011c        0x1 morse.o
 *(.gnu.linkonce.d*)
 *(.rodata)
 *(.rodata*)
 .rodata.str1.1
                0x0080011d        0x5 EepromManager.o
 .rodata._ZL10textPrompt
                0x00800122        0x3 linkbus.o
 .rodata._ZL4crlf
                0x00800125        0x2 linkbus.o
 .rodata.str1.1
                0x00800127      0x13e main.o
                                0x14a (size before relaxing)
 .rodata._ZL8keyMorse
                0x00800265       0x27 main.o
 .rodata._ZL3key
                0x0080028c       0x10 main.o
 .rodata._ZL13y_frequencies
                0x0080029c       0x10 main.o
 .rodata._ZL13x_frequencies
                0x008002ac       0x10 main.o
 .rodata._ZL15g_morsePatterns
                0x008002bc       0x5a main.o
 *(.gnu.linkonce.r*)
                0x00800316                . = ALIGN (0x2)
                0x00800316                _edata = .
                0x00800316                PROVIDE (__data_end, .)

.bss            0x00800316      0x29a
                0x00800316                PROVIDE (__bss_start, .)
 *(.bss)
 *(.bss*)
 .bss._ZL6upper2
                0x00800316        0x1 F1975.o
 .bss.testData  0x00800317        0x2 Goertzel.o
                0x00800317                testData
 .bss._samplesReady
                0x00800319        0x1 Goertzel.o
                0x00800319                _samplesReady
 .bss._index    0x0080031a        0x2 Goertzel.o
                0x0080031a                _index
 .bss.Q2        0x0080031c        0x4 Goertzel.o
                0x0080031c                Q2
 .bss.Q1        0x00800320        0x4 Goertzel.o
                0x00800320                Q1
 .bss.g_coeff   0x00800324        0x4 Goertzel.o
                0x00800324                g_coeff
 .bss._N        0x00800328        0x2 Goertzel.o
                0x00800328                _N
 .bss._TARGET_FREQUENCY
                0x0080032a        0x4 Goertzel.o
                0x0080032a                _TARGET_FREQUENCY
 .bss._SAMPLING_FREQUENCY
                0x0080032e        0x4 Goertzel.o
                0x0080032e                _SAMPLING_FREQUENCY
 .bss._ZZ16nextFullRxBuffervE11bufferIndex
                0x00800332        0x1 linkbus.o
 .bss._ZZ17nextEmptyRxBuffervE11bufferIndex
                0x00800333        0x1 linkbus.o
 .bss._ZZ17nextEmptyTxBuffervE11bufferIndex
                0x00800334        0x1 linkbus.o
 .bss._ZZ16nextFullTxBuffervE11bufferIndex
                0x00800335        0x1 linkbus.o
 .bss._ZL9rx_buffer
                0x00800336       0x7e linkbus.o
 .bss._ZL9tx_buffer
                0x008003b4       0x7b linkbus.o
 .bss._ZL17linkbus_tx_active
                0x0080042f        0x1 linkbus.o
 .bss._ZL13g_tempMsgBuff
                0x00800430       0x32 linkbus.o
 .bss._ZZ10processKeycE14receivedString
                0x00800462       0x15 main.o
 .bss._ZZ10processKeycE18setPasswordEnabled
                0x00800477        0x1 main.o
 .bss._ZZ10processKeycE6digits
                0x00800478        0x2 main.o
 .bss._ZZ10processKeycE5value
                0x0080047a        0x2 main.o
 .bss._ZZ10processKeycE12stringLength
                0x0080047c        0x2 main.o
 .bss._ZZ4loopvE10quietCount
                0x0080047e        0x2 main.o
 .bss._ZZ4loopvE7lastKey
                0x00800480        0x1 main.o
 .bss._ZZ11__vector_11E11controlPins
                0x00800481        0x1 main.o
 .bss._ZZ11__vector_11E5index
                0x00800482        0x1 main.o
 .bss._ZZ11__vector_14E6toggle
                0x00800483        0x1 main.o
 .bss._ZZ10__vector_1E23fox_transition_occurred
                0x00800484        0x1 main.o
 .bss._ZZ10__vector_1E18seconds_into_cycle
                0x00800485        0x2 main.o
 .bss._ZZ10__vector_1E28post_sync_seconds_to_send_ID
                0x00800487        0x4 main.o
 .bss._ZZ10__vector_8E3key
                0x0080048b        0x1 main.o
 .bss._ZZ10__vector_8E7codeInc
                0x0080048c        0x2 main.o
 .bss._ZZ10__vector_8E9ptt_delay
                0x0080048e        0x2 main.o
 .bss._ZZ10__vector_8E11ptt_dropped
                0x00800490        0x2 main.o
 .bss._ZZ11__vector_19E9charIndex
                0x00800492        0x1 main.o
 .bss._ZZ11__vector_19E4buff
                0x00800493        0x2 main.o
 .bss._ZZ11__vector_18E9field_len
                0x00800495        0x1 main.o
 .bss._ZZ11__vector_18E11field_index
                0x00800496        0x1 main.o
 .bss._ZZ11__vector_18E6msg_ID
                0x00800497        0x2 main.o
 .bss._ZZ11__vector_18E13receiving_msg
                0x00800499        0x1 main.o
 .bss._ZZ11__vector_18E8textBuff
                0x0080049a       0x3f main.o
 .bss._ZZ11__vector_18E9charIndex
                0x008004d9        0x1 main.o
 .bss._ZZ11__vector_18E11ignoreCount
                0x008004da        0x1 main.o
 .bss._ZZ11__vector_18E4buff
                0x008004db        0x2 main.o
 .bss.g_tempStr
                0x008004dd       0x28 main.o
                0x008004dd                g_tempStr
 .bss.g_goertzel
                0x00800505        0x1 main.o
                0x00800505                g_goertzel
 .bss.g_tick_count
                0x00800506        0x4 main.o
                0x00800506                g_tick_count
 .bss.g_last    0x0080050a        0x4 main.o
                0x0080050a                g_last
 .bss.g_lastKey
                0x0080050e        0x1 main.o
                0x0080050e                g_lastKey
 .bss.g_rv3028_offset
                0x0080050f        0x2 main.o
                0x0080050f                g_rv3028_offset
 .bss.g_voltage_check_countdown
                0x00800511        0x1 main.o
                0x00800511                g_voltage_check_countdown
 .bss.g_temperature_check_countdown
                0x00800512        0x1 main.o
                0x00800512                g_temperature_check_countdown
 .bss.g_time_needed_for_ID
                0x00800513        0x2 main.o
                0x00800513                g_time_needed_for_ID
 .bss.g_messages_text
                0x00800515       0x2a main.o
                0x00800515                g_messages_text
 .bss.g_perform_EEPROM_reset
                0x0080053f        0x1 main.o
                0x0080053f                g_perform_EEPROM_reset
 .bss.g_reset_button_held
                0x00800540        0x1 main.o
                0x00800540                g_reset_button_held
 .bss.g_use_rtc_for_startstop
                0x00800541        0x1 main.o
                0x00800541                g_use_rtc_for_startstop
 .bss.g_config_error
                0x00800542        0x1 main.o
                0x00800542                g_config_error
 .bss.g_voltage
                0x00800543        0x2 main.o
                0x00800543                g_voltage
 .bss.g_temperature
                0x00800545        0x1 main.o
                0x00800545                g_temperature
 .bss.g_unlockCode
                0x00800546        0x9 main.o
                0x00800546                g_unlockCode
 .bss.g_dtmf_detected
                0x0080054f        0x1 main.o
                0x0080054f                g_dtmf_detected
 .bss.g_sync_pin_stable
                0x00800550        0x1 main.o
                0x00800550                g_sync_pin_stable
 .bss.g_sync_pin_timer
                0x00800551        0x2 main.o
                0x00800551                g_sync_pin_timer
 .bss.g_audio_tone_state
                0x00800553        0x1 main.o
                0x00800553                g_audio_tone_state
 .bss.g_use_ptt_periodic_reset
                0x00800554        0x1 main.o
                0x00800554                g_use_ptt_periodic_reset
 .bss.g_initialize_fox_transmissions
                0x00800555        0x1 main.o
                0x00800555                g_initialize_fox_transmissions
 .bss.g_id_interval_seconds
                0x00800556        0x2 main.o
                0x00800556                g_id_interval_seconds
 .bss.g_fox_id_offset
                0x00800558        0x2 main.o
                0x00800558                g_fox_id_offset
 .bss.g_number_of_foxes
                0x0080055a        0x2 main.o
                0x0080055a                g_number_of_foxes
 .bss.g_cycle_period_seconds
                0x0080055c        0x2 main.o
                0x0080055c                g_cycle_period_seconds
 .bss.g_on_air_interval_seconds
                0x0080055e        0x2 main.o
                0x0080055e                g_on_air_interval_seconds
 .bss.g_dataModulation
                0x00800560       0x20 main.o
                0x00800560                g_dataModulation
 .bss.g_sendAMmodulationConstantly
                0x00800580        0x1 main.o
                0x00800580                g_sendAMmodulationConstantly
 .bss.g_AM_audio_frequency
                0x00800581        0x1 main.o
                0x00800581                g_AM_audio_frequency
 .bss.g_sendAMmodulation
                0x00800582        0x1 main.o
                0x00800582                g_sendAMmodulation
 .bss.g_ptt_periodic_reset_enabled
                0x00800583        0x1 main.o
                0x00800583                g_ptt_periodic_reset_enabled
 .bss.g_utc_offset
                0x00800584        0x1 main.o
                0x00800584                g_utc_offset
 .bss.g_event_finish_epoch
                0x00800585        0x4 main.o
                0x00800585                g_event_finish_epoch
 .bss.g_event_start_epoch
                0x00800589        0x4 main.o
                0x00800589                g_event_start_epoch
 .bss.g_current_epoch
                0x0080058d        0x4 main.o
                0x0080058d                g_current_epoch
 .bss.g_LED_enunciating
                0x00800591        0x1 main.o
                0x00800591                g_LED_enunciating
 .bss.g_code_throttle
                0x00800592        0x2 main.o
                0x00800592                g_code_throttle
 .bss.g_on_the_air
                0x00800594        0x1 main.o
                0x00800594                g_on_the_air
 .bss.g_fox     0x00800595        0x1 main.o
                0x00800595                g_fox
 .bss.g_seconds_since_powerup
                0x00800596        0x4 main.o
                0x00800596                g_seconds_since_powerup
 .bss.g_seconds_since_sync
                0x0080059a        0x4 main.o
                0x0080059a                g_seconds_since_sync
 .bss.ee_mgr    0x0080059e        0x1 main.o
                0x0080059e                ee_mgr
 .bss._ZZ9makeMorsePcPhS0_E9carrierOn
                0x0080059f        0x1 morse.o
 .bss._ZZ9makeMorsePcPhS0_E15completedString
                0x008005a0        0x1 morse.o
 .bss._ZZ9makeMorsePcPhS0_E10addedSpace
                0x008005a1        0x1 morse.o
 .bss._ZZ9makeMorsePcPhS0_E12elementIndex
                0x008005a2        0x1 morse.o
 .bss._ZZ9makeMorsePcPhS0_E11symbolIndex
                0x008005a3        0x1 morse.o
 .bss._ZZ9makeMorsePcPhS0_E9charIndex
                0x008005a4        0x1 morse.o
 .bss._ZZ9makeMorsePcPhS0_E15morseInProgress
                0x008005a5        0x3 morse.o
 .bss._ZZ9makeMorsePcPhS0_E3str
                0x008005a8        0x2 morse.o
 .bss._ZZ9makeMorsePcPhS0_E11holdKeyDown
                0x008005aa        0x1 morse.o
 .bss._ZL14g_1HzSqWave_on
                0x008005ab        0x1 rv3028.o
 *(COMMON)
 COMMON         0x008005ac        0x4 c:/program files (x86)/atmel/studio/7.0/toolchain/avr8/avr8-gnu-toolchain/bin/../lib/gcc/avr/5.4.0/../../../../avr/lib/avr5\libc.a(malloc.o)
                0x008005ac                __brkval
                0x008005ae                __flp
                0x008005b0                PROVIDE (__bss_end, .)
                0x0000698e                __data_load_start = LOADADDR (.data)
                0x00006ba4                __data_load_end = (__data_load_start + SIZEOF (.data))

.noinit         0x008005b0        0x0
                [!provide]                PROVIDE (__noinit_start, .)
 *(.noinit*)
                [!provide]                PROVIDE (__noinit_end, .)
                0x008005b0                _end = .
                0x008005b0                PROVIDE (__heap_start, .)

.eeprom         0x00810000      0x32e
 *(.eeprom*)
 .eeprom        0x00810000      0x32e EepromManager.o
                0x00810000                _ZN13EepromManager7ee_varsE
                0x0081032e                __eeprom_end = .

.fuse
 *(.fuse)
 *(.lfuse)
 *(.hfuse)
 *(.efuse)

.lock
 *(.lock*)

.signature
 *(.signature*)

.user_signatures
 *(.user_signatures*)

.stab
 *(.stab)

.stabstr
 *(.stabstr)

.stab.excl
 *(.stab.excl)

.stab.exclstr
 *(.stab.exclstr)

.stab.index
 *(.stab.index)

.stab.indexstr
 *(.stab.indexstr)

.comment        0x00000000       0x5c
 *(.comment)
 .comment       0x00000000       0x30 ardooweeno.o
                                 0x31 (size before relaxing)
 .comment       0x00000030       0x31 EepromManager.o
 .comment       0x00000030       0x31 F1975.o
 .comment       0x00000030       0x31 Goertzel.o
 .comment       0x00000030       0x31 i2c.o
 .comment       0x00000030       0x31 linkbus.o
 .comment       0x00000030       0x31 main.o
 .comment       0x00000030       0x31 morse.o
 .comment       0x00000030       0x31 rv3028.o
 .comment       0x00000030       0x31 c:/program files (x86)/atmel/studio/7.0/toolchain/avr8/avr8-gnu-toolchain/bin/../lib/gcc/avr/5.4.0/../../../../avr/lib/avr5\libc.a(malloc.o)
 .comment       0x00000030       0x31 c:/program files (x86)/atmel/studio/7.0/toolchain/avr8/avr8-gnu-toolchain/bin/../lib/gcc/avr/5.4.0/../../../../avr/lib/avr5\libc.a(sprintf.o)
 .comment       0x00000030       0x31 c:/program files (x86)/atmel/studio/7.0/toolchain/avr8/avr8-gnu-toolchain/bin/../lib/gcc/avr/5.4.0/../../../../avr/lib/avr5\libc.a(month_length.o)
 .comment       0x00000030       0x2c c:/program files (x86)/atmel/studio/7.0/toolchain/avr8/avr8-gnu-toolchain/bin/../lib/gcc/avr/5.4.0/../../../../avr/lib/avr5\libc.a(vfprintf_std.o)
                                 0x2d (size before relaxing)
 .comment       0x0000005c       0x31 c:/program files (x86)/atmel/studio/7.0/toolchain/avr8/avr8-gnu-toolchain/bin/../lib/gcc/avr/5.4.0/../../../../avr/lib/avr5\libc.a(fputc.o)
 .comment       0x0000005c       0x31 c:/program files (x86)/atmel/studio/7.0/toolchain/avr8/avr8-gnu-toolchain/bin/../lib/gcc/avr/5.4.0/../../../../avr/lib/avr5\libc.a(isLeap.o)

.note.gnu.avr.deviceinfo
                0x00000000       0x40
 .note.gnu.avr.deviceinfo
                0x00000000       0x40 C:/Program Files (x86)/Atmel/Studio/7.0/Packs/Atmel/ATmega_DFP/1.4.351/gcc/dev/atmega328p/avr5/crtatmega328p.o

.note.gnu.build-id
 *(.note.gnu.build-id)

.debug
 *(.debug)

.line
 *(.line)

.debug_srcinfo
 *(.debug_srcinfo)

.debug_sfnames
 *(.debug_sfnames)

.debug_aranges  0x00000000      0x508
 *(.debug_aranges)
 .debug_aranges
                0x00000000       0x30 ardooweeno.o
 .debug_aranges
                0x00000030       0x58 EepromManager.o
 .debug_aranges
                0x00000088       0x28 F1975.o
 .debug_aranges
                0x000000b0       0x58 Goertzel.o
 .debug_aranges
                0x00000108       0x60 i2c.o
 .debug_aranges
                0x00000168       0xa8 linkbus.o
 .debug_aranges
                0x00000210      0x108 main.o
 .debug_aranges
                0x00000318       0x30 morse.o
 .debug_aranges
                0x00000348       0x80 rv3028.o
 .debug_aranges
                0x000003c8       0x20 C:/Program Files (x86)/Atmel/Studio/7.0/Packs/Atmel/ATmega_DFP/1.4.351/gcc/dev/atmega328p/avr5\libatmega328p.a(eerd_byte.o)
 .debug_aranges
                0x000003e8       0x20 C:/Program Files (x86)/Atmel/Studio/7.0/Packs/Atmel/ATmega_DFP/1.4.351/gcc/dev/atmega328p/avr5\libatmega328p.a(eerd_dword.o)
 .debug_aranges
                0x00000408       0x20 C:/Program Files (x86)/Atmel/Studio/7.0/Packs/Atmel/ATmega_DFP/1.4.351/gcc/dev/atmega328p/avr5\libatmega328p.a(eerd_word.o)
 .debug_aranges
                0x00000428       0x20 C:/Program Files (x86)/Atmel/Studio/7.0/Packs/Atmel/ATmega_DFP/1.4.351/gcc/dev/atmega328p/avr5\libatmega328p.a(eeupd_byte.o)
 .debug_aranges
                0x00000448       0x20 C:/Program Files (x86)/Atmel/Studio/7.0/Packs/Atmel/ATmega_DFP/1.4.351/gcc/dev/atmega328p/avr5\libatmega328p.a(eeupd_dword.o)
 .debug_aranges
                0x00000468       0x20 C:/Program Files (x86)/Atmel/Studio/7.0/Packs/Atmel/ATmega_DFP/1.4.351/gcc/dev/atmega328p/avr5\libatmega328p.a(eeupd_word.o)
 .debug_aranges
                0x00000488       0x20 C:/Program Files (x86)/Atmel/Studio/7.0/Packs/Atmel/ATmega_DFP/1.4.351/gcc/dev/atmega328p/avr5\libatmega328p.a(eewr_byte.o)
 .debug_aranges
                0x000004a8       0x20 C:/Program Files (x86)/Atmel/Studio/7.0/Packs/Atmel/ATmega_DFP/1.4.351/gcc/dev/atmega328p/avr5\libatmega328p.a(eewr_dword.o)
 .debug_aranges
                0x000004c8       0x20 C:/Program Files (x86)/Atmel/Studio/7.0/Packs/Atmel/ATmega_DFP/1.4.351/gcc/dev/atmega328p/avr5\libatmega328p.a(eewr_word.o)
 .debug_aranges
                0x000004e8       0x20 C:/Program Files (x86)/Atmel/Studio/7.0/Packs/Atmel/ATmega_DFP/1.4.351/gcc/dev/atmega328p/avr5\libatmega328p.a(eerd_block.o)

.debug_pubnames
 *(.debug_pubnames)

.debug_info     0x00000000     0x7c56
 *(.debug_info .gnu.linkonce.wi.*)
 .debug_info    0x00000000      0x5f4 C:/Program Files (x86)/Atmel/Studio/7.0/Packs/Atmel/ATmega_DFP/1.4.351/gcc/dev/atmega328p/avr5/crtatmega328p.o
 .debug_info    0x000005f4      0x12b ardooweeno.o
 .debug_info    0x0000071f      0xffa EepromManager.o
 .debug_info    0x00001719      0x225 F1975.o
 .debug_info    0x0000193e      0x55b Goertzel.o
 .debug_info    0x00001e99      0x3c5 i2c.o
 .debug_info    0x0000225e      0x7f7 linkbus.o
 .debug_info    0x00002a55     0x3dd6 main.o
 .debug_info    0x0000682b      0x304 morse.o
 .debug_info    0x00006b2f      0xb1c rv3028.o
 .debug_info    0x0000764b       0x9a C:/Program Files (x86)/Atmel/Studio/7.0/Packs/Atmel/ATmega_DFP/1.4.351/gcc/dev/atmega328p/avr5\libatmega328p.a(eerd_byte.o)
 .debug_info    0x000076e5       0x9b C:/Program Files (x86)/Atmel/Studio/7.0/Packs/Atmel/ATmega_DFP/1.4.351/gcc/dev/atmega328p/avr5\libatmega328p.a(eerd_dword.o)
 .debug_info    0x00007780       0x9a C:/Program Files (x86)/Atmel/Studio/7.0/Packs/Atmel/ATmega_DFP/1.4.351/gcc/dev/atmega328p/avr5\libatmega328p.a(eerd_word.o)
 .debug_info    0x0000781a       0x9b C:/Program Files (x86)/Atmel/Studio/7.0/Packs/Atmel/ATmega_DFP/1.4.351/gcc/dev/atmega328p/avr5\libatmega328p.a(eeupd_byte.o)
 .debug_info    0x000078b5       0x9c C:/Program Files (x86)/Atmel/Studio/7.0/Packs/Atmel/ATmega_DFP/1.4.351/gcc/dev/atmega328p/avr5\libatmega328p.a(eeupd_dword.o)
 .debug_info    0x00007951       0x9b C:/Program Files (x86)/Atmel/Studio/7.0/Packs/Atmel/ATmega_DFP/1.4.351/gcc/dev/atmega328p/avr5\libatmega328p.a(eeupd_word.o)
 .debug_info    0x000079ec       0x9a C:/Program Files (x86)/Atmel/Studio/7.0/Packs/Atmel/ATmega_DFP/1.4.351/gcc/dev/atmega328p/avr5\libatmega328p.a(eewr_byte.o)
 .debug_info    0x00007a86       0x9b C:/Program Files (x86)/Atmel/Studio/7.0/Packs/Atmel/ATmega_DFP/1.4.351/gcc/dev/atmega328p/avr5\libatmega328p.a(eewr_dword.o)
 .debug_info    0x00007b21       0x9a C:/Program Files (x86)/Atmel/Studio/7.0/Packs/Atmel/ATmega_DFP/1.4.351/gcc/dev/atmega328p/avr5\libatmega328p.a(eewr_word.o)
 .debug_info    0x00007bbb       0x9b C:/Program Files (x86)/Atmel/Studio/7.0/Packs/Atmel/ATmega_DFP/1.4.351/gcc/dev/atmega328p/avr5\libatmega328p.a(eerd_block.o)

.debug_abbrev   0x00000000     0x1971
 *(.debug_abbrev)
 .debug_abbrev  0x00000000      0x5a2 C:/Program Files (x86)/Atmel/Studio/7.0/Packs/Atmel/ATmega_DFP/1.4.351/gcc/dev/atmega328p/avr5/crtatmega328p.o
 .debug_abbrev  0x000005a2       0xf1 ardooweeno.o
 .debug_abbrev  0x00000693      0x2f6 EepromManager.o
 .debug_abbrev  0x00000989       0xf9 F1975.o
 .debug_abbrev  0x00000a82      0x25d Goertzel.o
 .debug_abbrev  0x00000cdf      0x161 i2c.o
 .debug_abbrev  0x00000e40      0x2b4 linkbus.o
 .debug_abbrev  0x000010f4      0x474 main.o
 .debug_abbrev  0x00001568      0x140 morse.o
 .debug_abbrev  0x000016a8      0x201 rv3028.o
 .debug_abbrev  0x000018a9       0x14 C:/Program Files (x86)/Atmel/Studio/7.0/Packs/Atmel/ATmega_DFP/1.4.351/gcc/dev/atmega328p/avr5\libatmega328p.a(eerd_byte.o)
 .debug_abbrev  0x000018bd       0x14 C:/Program Files (x86)/Atmel/Studio/7.0/Packs/Atmel/ATmega_DFP/1.4.351/gcc/dev/atmega328p/avr5\libatmega328p.a(eerd_dword.o)
 .debug_abbrev  0x000018d1       0x14 C:/Program Files (x86)/Atmel/Studio/7.0/Packs/Atmel/ATmega_DFP/1.4.351/gcc/dev/atmega328p/avr5\libatmega328p.a(eerd_word.o)
 .debug_abbrev  0x000018e5       0x14 C:/Program Files (x86)/Atmel/Studio/7.0/Packs/Atmel/ATmega_DFP/1.4.351/gcc/dev/atmega328p/avr5\libatmega328p.a(eeupd_byte.o)
 .debug_abbrev  0x000018f9       0x14 C:/Program Files (x86)/Atmel/Studio/7.0/Packs/Atmel/ATmega_DFP/1.4.351/gcc/dev/atmega328p/avr5\libatmega328p.a(eeupd_dword.o)
 .debug_abbrev  0x0000190d       0x14 C:/Program Files (x86)/Atmel/Studio/7.0/Packs/Atmel/ATmega_DFP/1.4.351/gcc/dev/atmega328p/avr5\libatmega328p.a(eeupd_word.o)
 .debug_abbrev  0x00001921       0x14 C:/Program Files (x86)/Atmel/Studio/7.0/Packs/Atmel/ATmega_DFP/1.4.351/gcc/dev/atmega328p/avr5\libatmega328p.a(eewr_byte.o)
 .debug_abbrev  0x00001935       0x14 C:/Program Files (x86)/Atmel/Studio/7.0/Packs/Atmel/ATmega_DFP/1.4.351/gcc/dev/atmega328p/avr5\libatmega328p.a(eewr_dword.o)
 .debug_abbrev  0x00001949       0x14 C:/Program Files (x86)/Atmel/Studio/7.0/Packs/Atmel/ATmega_DFP/1.4.351/gcc/dev/atmega328p/avr5\libatmega328p.a(eewr_word.o)
 .debug_abbrev  0x0000195d       0x14 C:/Program Files (x86)/Atmel/Studio/7.0/Packs/Atmel/ATmega_DFP/1.4.351/gcc/dev/atmega328p/avr5\libatmega328p.a(eerd_block.o)

.debug_line     0x00000000     0x48d0
 *(.debug_line .debug_line.* .debug_line_end)
 .debug_line    0x00000000      0x134 C:/Program Files (x86)/Atmel/Studio/7.0/Packs/Atmel/ATmega_DFP/1.4.351/gcc/dev/atmega328p/avr5/crtatmega328p.o
 .debug_line    0x00000134      0x545 ardooweeno.o
 .debug_line    0x00000679      0x482 EepromManager.o
 .debug_line    0x00000afb      0x158 F1975.o
 .debug_line    0x00000c53      0x21a Goertzel.o
 .debug_line    0x00000e6d      0x321 i2c.o
 .debug_line    0x0000118e      0x4b9 linkbus.o
 .debug_line    0x00001647     0x2074 main.o
 .debug_line    0x000036bb      0x872 morse.o
 .debug_line    0x00003f2d      0x4bb rv3028.o
 .debug_line    0x000043e8       0x7a C:/Program Files (x86)/Atmel/Studio/7.0/Packs/Atmel/ATmega_DFP/1.4.351/gcc/dev/atmega328p/avr5\libatmega328p.a(eerd_byte.o)
 .debug_line    0x00004462       0x68 C:/Program Files (x86)/Atmel/Studio/7.0/Packs/Atmel/ATmega_DFP/1.4.351/gcc/dev/atmega328p/avr5\libatmega328p.a(eerd_dword.o)
 .debug_line    0x000044ca       0x67 C:/Program Files (x86)/Atmel/Studio/7.0/Packs/Atmel/ATmega_DFP/1.4.351/gcc/dev/atmega328p/avr5\libatmega328p.a(eerd_word.o)
 .debug_line    0x00004531       0xb6 C:/Program Files (x86)/Atmel/Studio/7.0/Packs/Atmel/ATmega_DFP/1.4.351/gcc/dev/atmega328p/avr5\libatmega328p.a(eeupd_byte.o)
 .debug_line    0x000045e7       0x7b C:/Program Files (x86)/Atmel/Studio/7.0/Packs/Atmel/ATmega_DFP/1.4.351/gcc/dev/atmega328p/avr5\libatmega328p.a(eeupd_dword.o)
 .debug_line    0x00004662       0x62 C:/Program Files (x86)/Atmel/Studio/7.0/Packs/Atmel/ATmega_DFP/1.4.351/gcc/dev/atmega328p/avr5\libatmega328p.a(eeupd_word.o)
 .debug_line    0x000046c4       0x9e C:/Program Files (x86)/Atmel/Studio/7.0/Packs/Atmel/ATmega_DFP/1.4.351/gcc/dev/atmega328p/avr5\libatmega328p.a(eewr_byte.o)
 .debug_line    0x00004762       0x68 C:/Program Files (x86)/Atmel/Studio/7.0/Packs/Atmel/ATmega_DFP/1.4.351/gcc/dev/atmega328p/avr5\libatmega328p.a(eewr_dword.o)
 .debug_line    0x000047ca       0x5b C:/Program Files (x86)/Atmel/Studio/7.0/Packs/Atmel/ATmega_DFP/1.4.351/gcc/dev/atmega328p/avr5\libatmega328p.a(eewr_word.o)
 .debug_line    0x00004825       0xab C:/Program Files (x86)/Atmel/Studio/7.0/Packs/Atmel/ATmega_DFP/1.4.351/gcc/dev/atmega328p/avr5\libatmega328p.a(eerd_block.o)

.debug_frame    0x00000000      0xdf8
 *(.debug_frame)
 .debug_frame   0x00000000       0x44 ardooweeno.o
 .debug_frame   0x00000044      0x110 EepromManager.o
 .debug_frame   0x00000154       0x34 F1975.o
 .debug_frame   0x00000188      0x16c Goertzel.o
 .debug_frame   0x000002f4       0xd0 i2c.o
 .debug_frame   0x000003c4      0x190 linkbus.o
 .debug_frame   0x00000554      0x65c main.o
 .debug_frame   0x00000bb0       0x74 morse.o
 .debug_frame   0x00000c24      0x1d4 rv3028.o

.debug_str      0x00000000     0x2791
 *(.debug_str)
 .debug_str     0x00000000      0x208 C:/Program Files (x86)/Atmel/Studio/7.0/Packs/Atmel/ATmega_DFP/1.4.351/gcc/dev/atmega328p/avr5/crtatmega328p.o
 .debug_str     0x00000208      0x1ce ardooweeno.o
                                0x208 (size before relaxing)
 .debug_str     0x000003d6      0x999 EepromManager.o
                                0xc25 (size before relaxing)
 .debug_str     0x00000d6f       0x95 F1975.o
                                0x26c (size before relaxing)
 .debug_str     0x00000e04      0x201 Goertzel.o
                                0x3b6 (size before relaxing)
 .debug_str     0x00001005      0x164 i2c.o
                                0x313 (size before relaxing)
 .debug_str     0x00001169      0x3e9 linkbus.o
                                0x697 (size before relaxing)
 .debug_str     0x00001552      0xfc7 main.o
                               0x1f26 (size before relaxing)
 .debug_str     0x00002519       0xd9 morse.o
                                0x30b (size before relaxing)
 .debug_str     0x000025f2      0x19f rv3028.o
                                0x4f4 (size before relaxing)

.debug_loc      0x00000000     0x5d4e
 *(.debug_loc)
 .debug_loc     0x00000000      0x1ff ardooweeno.o
 .debug_loc     0x000001ff      0xa5b EepromManager.o
 .debug_loc     0x00000c5a       0xbb F1975.o
 .debug_loc     0x00000d15      0x60e Goertzel.o
 .debug_loc     0x00001323      0x3bd i2c.o
 .debug_loc     0x000016e0      0x641 linkbus.o
 .debug_loc     0x00001d21     0x27c0 main.o
 .debug_loc     0x000044e1      0xb9e morse.o
 .debug_loc     0x0000507f      0xccf rv3028.o

.debug_macinfo
 *(.debug_macinfo)

.debug_weaknames
 *(.debug_weaknames)

.debug_funcnames
 *(.debug_funcnames)

.debug_typenames
 *(.debug_typenames)

.debug_varnames
 *(.debug_varnames)

.debug_pubtypes
 *(.debug_pubtypes)

.debug_ranges   0x00000000      0x4e8
 *(.debug_ranges)
 .debug_ranges  0x00000000       0x20 ardooweeno.o
 .debug_ranges  0x00000020       0x60 EepromManager.o
 .debug_ranges  0x00000080       0x18 F1975.o
 .debug_ranges  0x00000098       0x48 Goertzel.o
 .debug_ranges  0x000000e0       0x50 i2c.o
 .debug_ranges  0x00000130       0xb0 linkbus.o
 .debug_ranges  0x000001e0      0x278 main.o
 .debug_ranges  0x00000458       0x20 morse.o
 .debug_ranges  0x00000478       0x70 rv3028.o

.debug_macro
 *(.debug_macro)
OUTPUT(Arducon.elf elf32-avr)
LOAD linker stubs
