Archive member included to satisfy reference by file (symbol)

c:/program files (x86)/atmel/studio/7.0/toolchain/avr8/avr8-gnu-toolchain/bin/../lib/gcc/avr/5.4.0/../../../../avr/lib/avr5\libm.a(addsf3.o)
                              Goertzel.o (__subsf3)
c:/program files (x86)/atmel/studio/7.0/toolchain/avr8/avr8-gnu-toolchain/bin/../lib/gcc/avr/5.4.0/../../../../avr/lib/avr5\libm.a(addsf3x.o)
                              c:/program files (x86)/atmel/studio/7.0/toolchain/avr8/avr8-gnu-toolchain/bin/../lib/gcc/avr/5.4.0/../../../../avr/lib/avr5\libm.a(addsf3.o) (__addsf3x)
c:/program files (x86)/atmel/studio/7.0/toolchain/avr8/avr8-gnu-toolchain/bin/../lib/gcc/avr/5.4.0/../../../../avr/lib/avr5\libm.a(cmpsf2.o)
                              Goertzel.o (__ltsf2)
c:/program files (x86)/atmel/studio/7.0/toolchain/avr8/avr8-gnu-toolchain/bin/../lib/gcc/avr/5.4.0/../../../../avr/lib/avr5\libm.a(cos.o)
                              Goertzel.o (cos)
c:/program files (x86)/atmel/studio/7.0/toolchain/avr8/avr8-gnu-toolchain/bin/../lib/gcc/avr/5.4.0/../../../../avr/lib/avr5\libm.a(divsf3.o)
                              Goertzel.o (__divsf3)
c:/program files (x86)/atmel/studio/7.0/toolchain/avr8/avr8-gnu-toolchain/bin/../lib/gcc/avr/5.4.0/../../../../avr/lib/avr5\libm.a(divsf3x.o)
                              c:/program files (x86)/atmel/studio/7.0/toolchain/avr8/avr8-gnu-toolchain/bin/../lib/gcc/avr/5.4.0/../../../../avr/lib/avr5\libm.a(divsf3.o) (__divsf3x)
c:/program files (x86)/atmel/studio/7.0/toolchain/avr8/avr8-gnu-toolchain/bin/../lib/gcc/avr/5.4.0/../../../../avr/lib/avr5\libm.a(fixsfsi.o)
                              Goertzel.o (__fixsfsi)
c:/program files (x86)/atmel/studio/7.0/toolchain/avr8/avr8-gnu-toolchain/bin/../lib/gcc/avr/5.4.0/../../../../avr/lib/avr5\libm.a(fixunssfsi.o)
                              c:/program files (x86)/atmel/studio/7.0/toolchain/avr8/avr8-gnu-toolchain/bin/../lib/gcc/avr/5.4.0/../../../../avr/lib/avr5\libm.a(fixsfsi.o) (__fixunssfsi)
c:/program files (x86)/atmel/studio/7.0/toolchain/avr8/avr8-gnu-toolchain/bin/../lib/gcc/avr/5.4.0/../../../../avr/lib/avr5\libm.a(floatsisf.o)
                              Goertzel.o (__floatsisf)
c:/program files (x86)/atmel/studio/7.0/toolchain/avr8/avr8-gnu-toolchain/bin/../lib/gcc/avr/5.4.0/../../../../avr/lib/avr5\libm.a(fp_cmp.o)
                              c:/program files (x86)/atmel/studio/7.0/toolchain/avr8/avr8-gnu-toolchain/bin/../lib/gcc/avr/5.4.0/../../../../avr/lib/avr5\libm.a(cmpsf2.o) (__fp_cmp)
c:/program files (x86)/atmel/studio/7.0/toolchain/avr8/avr8-gnu-toolchain/bin/../lib/gcc/avr/5.4.0/../../../../avr/lib/avr5\libm.a(fp_inf.o)
                              c:/program files (x86)/atmel/studio/7.0/toolchain/avr8/avr8-gnu-toolchain/bin/../lib/gcc/avr/5.4.0/../../../../avr/lib/avr5\libm.a(addsf3x.o) (__fp_inf)
c:/program files (x86)/atmel/studio/7.0/toolchain/avr8/avr8-gnu-toolchain/bin/../lib/gcc/avr/5.4.0/../../../../avr/lib/avr5\libm.a(fp_nan.o)
                              c:/program files (x86)/atmel/studio/7.0/toolchain/avr8/avr8-gnu-toolchain/bin/../lib/gcc/avr/5.4.0/../../../../avr/lib/avr5\libm.a(addsf3x.o) (__fp_nan)
c:/program files (x86)/atmel/studio/7.0/toolchain/avr8/avr8-gnu-toolchain/bin/../lib/gcc/avr/5.4.0/../../../../avr/lib/avr5\libm.a(fp_pscA.o)
                              c:/program files (x86)/atmel/studio/7.0/toolchain/avr8/avr8-gnu-toolchain/bin/../lib/gcc/avr/5.4.0/../../../../avr/lib/avr5\libm.a(addsf3x.o) (__fp_pscA)
c:/program files (x86)/atmel/studio/7.0/toolchain/avr8/avr8-gnu-toolchain/bin/../lib/gcc/avr/5.4.0/../../../../avr/lib/avr5\libm.a(fp_pscB.o)
                              c:/program files (x86)/atmel/studio/7.0/toolchain/avr8/avr8-gnu-toolchain/bin/../lib/gcc/avr/5.4.0/../../../../avr/lib/avr5\libm.a(addsf3x.o) (__fp_pscB)
c:/program files (x86)/atmel/studio/7.0/toolchain/avr8/avr8-gnu-toolchain/bin/../lib/gcc/avr/5.4.0/../../../../avr/lib/avr5\libm.a(fp_rempio2.o)
                              c:/program files (x86)/atmel/studio/7.0/toolchain/avr8/avr8-gnu-toolchain/bin/../lib/gcc/avr/5.4.0/../../../../avr/lib/avr5\libm.a(cos.o) (__fp_rempio2)
c:/program files (x86)/atmel/studio/7.0/toolchain/avr8/avr8-gnu-toolchain/bin/../lib/gcc/avr/5.4.0/../../../../avr/lib/avr5\libm.a(fp_round.o)
                              c:/program files (x86)/atmel/studio/7.0/toolchain/avr8/avr8-gnu-toolchain/bin/../lib/gcc/avr/5.4.0/../../../../avr/lib/avr5\libm.a(addsf3.o) (__fp_round)
c:/program files (x86)/atmel/studio/7.0/toolchain/avr8/avr8-gnu-toolchain/bin/../lib/gcc/avr/5.4.0/../../../../avr/lib/avr5\libm.a(fp_sinus.o)
                              c:/program files (x86)/atmel/studio/7.0/toolchain/avr8/avr8-gnu-toolchain/bin/../lib/gcc/avr/5.4.0/../../../../avr/lib/avr5\libm.a(cos.o) (__fp_sinus)
c:/program files (x86)/atmel/studio/7.0/toolchain/avr8/avr8-gnu-toolchain/bin/../lib/gcc/avr/5.4.0/../../../../avr/lib/avr5\libm.a(fp_split3.o)
[...]
Memory Configuration

Name             Origin             Length             Attributes
text             0x00000000         0x00008000         xr
data             0x00800100         0x00000800         rw !x
eeprom           0x00810000         0x00000400         rw !x
fuse             0x00820000         0x00000003         rw !x
lock             0x00830000         0x00000400         rw !x
signature        0x00840000         0x00000400         rw !x
user_signatures  0x00850000         0x00000400         rw !x
*default*        0x00000000         0xffffffff

Linker script and memory map

Address of section .data set to 0x800100
LOAD C:/Program Files (x86)/Atmel/Studio/7.0/Packs/Atmel/ATmega_DFP/1.4.351/gcc/dev/atmega328p/avr5/crtatmega328p.o
LOAD ardooweeno.o
LOAD Goertzel.o
LOAD linkbus.o
LOAD main.o
LOAD morse.o
START GROUP
LOAD c:/program files (x86)/atmel/studio/7.0/toolchain/avr8/avr8-gnu-toolchain/bin/../lib/gcc/avr/5.4.0/../../../../avr/lib/avr5\libm.a
END GROUP
LOAD c:/program files (x86)/atmel/studio/7.0/toolchain/avr8/avr8-gnu-toolchain/bin/../lib/gcc/avr/5.4.0/avr5\libgcc.a
LOAD c:/program files (x86)/atmel/studio/7.0/toolchain/avr8/avr8-gnu-toolchain/bin/../lib/gcc/avr/5.4.0/../../../../avr/lib/avr5\libm.a
START GROUP
LOAD c:/program files (x86)/atmel/studio/7.0/toolchain/avr8/avr8-gnu-toolchain/bin/../lib/gcc/avr/5.4.0/avr5\libgcc.a
LOAD c:/program files (x86)/atmel/studio/7.0/toolchain/avr8/avr8-gnu-toolchain/bin/../lib/gcc/avr/5.4.0/../../../../avr/lib/avr5\libm.a
LOAD c:/program files (x86)/atmel/studio/7.0/toolchain/avr8/avr8-gnu-toolchain/bin/../lib/gcc/avr/5.4.0/../../../../avr/lib/avr5\libc.a
LOAD C:/Program Files (x86)/Atmel/Studio/7.0/Packs/Atmel/ATmega_DFP/1.4.351/gcc/dev/atmega328p/avr5\libatmega328p.a
END GROUP
                0x00000000                __TEXT_REGION_ORIGIN__ = DEFINED (__TEXT_REGION_ORIGIN__)?__TEXT_REGION_ORIGIN__:0x0
                [0x00800100]                __DATA_REGION_ORIGIN__ = DEFINED (__DATA_REGION_ORIGIN__)?__DATA_REGION_ORIGIN__:0x800060
                [0x00008000]                __TEXT_REGION_LENGTH__ = DEFINED (__TEXT_REGION_LENGTH__)?__TEXT_REGION_LENGTH__:0x20000
                [0x00000800]                __DATA_REGION_LENGTH__ = DEFINED (__DATA_REGION_LENGTH__)?__DATA_REGION_LENGTH__:0xffa0
                [0x00000400]                __EEPROM_REGION_LENGTH__ = DEFINED (__EEPROM_REGION_LENGTH__)?__EEPROM_REGION_LENGTH__:0x10000
                [0x00000003]                __FUSE_REGION_LENGTH__ = DEFINED (__FUSE_REGION_LENGTH__)?__FUSE_REGION_LENGTH__:0x400
                0x00000400                __LOCK_REGION_LENGTH__ = DEFINED (__LOCK_REGION_LENGTH__)?__LOCK_REGION_LENGTH__:0x400
                0x00000400                __SIGNATURE_REGION_LENGTH__ = DEFINED (__SIGNATURE_REGION_LENGTH__)?__SIGNATURE_REGION_LENGTH__:0x400
                0x00000400                __USER_SIGNATURE_REGION_LENGTH__ = DEFINED (__USER_SIGNATURE_REGION_LENGTH__)?__USER_SIGNATURE_REGION_LENGTH__:0x400

.hash
 *(.hash)

.dynsym
 *(.dynsym)

.dynstr
 *(.dynstr)

.gnu.version
 *(.gnu.version)

.gnu.version_d
 *(.gnu.version_d)

.gnu.version_r
 *(.gnu.version_r)

.rel.init
 *(.rel.init)

.rela.init
 *(.rela.init)

.rel.text
 *(.rel.text)
 *(.rel.text.*)
 *(.rel.gnu.linkonce.t*)

.rela.text
 *(.rela.text)
 *(.rela.text.*)
 *(.rela.gnu.linkonce.t*)

.rel.fini
 *(.rel.fini)

.rela.fini
 *(.rela.fini)

.rel.rodata
 *(.rel.rodata)
 *(.rel.rodata.*)
 *(.rel.gnu.linkonce.r*)

.rela.rodata
 *(.rela.rodata)
 *(.rela.rodata.*)
 *(.rela.gnu.linkonce.r*)

.rel.data
 *(.rel.data)
 *(.rel.data.*)
 *(.rel.gnu.linkonce.d*)

.rela.data
 *(.rela.data)
 *(.rela.data.*)
 *(.rela.gnu.linkonce.d*)

.rel.ctors
 *(.rel.ctors)

.rela.ctors
 *(.rela.ctors)

.rel.dtors
 *(.rel.dtors)

.rela.dtors
 *(.rela.dtors)

.rel.got
 *(.rel.got)

.rela.got
 *(.rela.got)

.rel.bss
 *(.rel.bss)

.rela.bss
 *(.rela.bss)

.rel.plt
 *(.rel.plt)

.rela.plt
 *(.rela.plt)

.text           0x00000000     0x472a
 *(.vectors)
 .vectors       0x00000000       0x68 C:/Program Files (x86)/Atmel/Studio/7.0/Packs/Atmel/ATmega_DFP/1.4.351/gcc/dev/atmega328p/avr5/crtatmega328p.o
                0x00000000                __vector_default
                0x00000000                __vectors
 *(.vectors)
 *(.progmem.gcc*)
 .progmem.gcc_sw_table._Z7pinModehh
                0x00000068       0x68 ardooweeno.o
 .progmem.gcc_sw_table._Z11digitalReadh
                0x000000d0       0x68 ardooweeno.o
 .progmem.gcc_sw_table._Z12digitalWritehh
                0x00000138       0x68 ardooweeno.o
 .progmem.gcc_sw_table._Z11setupForFoxv
                0x000001a0       0x2a main.o
 .progmem.gcc_sw_table._Z12getMorseCharc
                0x000001ca       0xba morse.o
 .progmem.gcc_fplib
                0x00000284       0x1e c:/program files (x86)/atmel/studio/7.0/toolchain/avr8/avr8-gnu-toolchain/bin/../lib/gcc/avr/5.4.0/../../../../avr/lib/avr5\libm.a(fp_sinus.o)
                0x000002a2                . = ALIGN (0x2)
                0x000002a2                __trampolines_start = .
 *(.trampolines)
 .trampolines   0x000002a2        0x0 linker stubs
 *(.trampolines*)
                0x000002a2                __trampolines_end = .
 *libprintf_flt.a:*(.progmem.data)
 *libc.a:*(.progmem.data)
 .progmem.data  0x000002a2       0xfa c:/program files (x86)/atmel/studio/7.0/toolchain/avr8/avr8-gnu-toolchain/bin/../lib/gcc/avr/5.4.0/../../../../avr/lib/avr5\libc.a(ftoa_engine.o)
 *(.progmem*)
                0x0000039c                . = ALIGN (0x2)
 *(.jumptables)
 *(.jumptables*)
 *(.lowtext)
 *(.lowtext*)
                0x0000039c                __ctors_start = .
 *(.ctors)
 .ctors         0x0000039c        0x2 main.o
                0x0000039e                __ctors_end = .
                0x0000039e                __dtors_start = .
 *(.dtors)
 .dtors         0x0000039e        0x2 main.o
                0x000003a0                __dtors_end = .
 SORT(*)(.ctors)
 SORT(*)(.dtors)
 *(.init0)
 .init0         0x000003a0        0x0 C:/Program Files (x86)/Atmel/Studio/7.0/Packs/Atmel/ATmega_DFP/1.4.351/gcc/dev/atmega328p/avr5/crtatmega328p.o
                0x000003a0                __init
 *(.init0)
 *(.init1)
 *(.init1)
 *(.init2)
 .init2         0x000003a0        0xc C:/Program Files (x86)/Atmel/Studio/7.0/Packs/Atmel/ATmega_DFP/1.4.351/gcc/dev/atmega328p/avr5/crtatmega328p.o
 *(.init2)
 *(.init3)
 *(.init3)
 *(.init4)
 .init4         0x000003ac       0x16 c:/program files (x86)/atmel/studio/7.0/toolchain/avr8/avr8-gnu-toolchain/bin/../lib/gcc/avr/5.4.0/avr5\libgcc.a(_copy_data.o)
                0x000003ac                __do_copy_data
 .init4         0x000003c2       0x10 c:/program files (x86)/atmel/studio/7.0/toolchain/avr8/avr8-gnu-toolchain/bin/../lib/gcc/avr/5.4.0/avr5\libgcc.a(_clear_bss.o)
                0x000003c2                __do_clear_bss
 *(.init4)
 *(.init5)
 *(.init5)
 *(.init6)
 .init6         0x000003d2       0x16 c:/program files (x86)/atmel/studio/7.0/toolchain/avr8/avr8-gnu-toolchain/bin/../lib/gcc/avr/5.4.0/avr5\libgcc.a(_ctors.o)
                0x000003d2                __do_global_ctors
 *(.init6)
 *(.init7)
 *(.init7)
 *(.init8)
 *(.init8)
 *(.init9)
 .init9         0x000003e8        0x8 C:/Program Files (x86)/Atmel/Studio/7.0/Packs/Atmel/ATmega_DFP/1.4.351/gcc/dev/atmega328p/avr5/crtatmega328p.o
 *(.init9)
 *(.text)
 .text          0x000003f0        0x4 C:/Program Files (x86)/Atmel/Studio/7.0/Packs/Atmel/ATmega_DFP/1.4.351/gcc/dev/atmega328p/avr5/crtatmega328p.o
                0x000003f0                __vector_22
                0x000003f0                __vector_1
                0x000003f0                __vector_24
                0x000003f0                __vector_12
                0x000003f0                __bad_interrupt
                0x000003f0                __vector_6
                0x000003f0                __vector_3
                0x000003f0                __vector_23
                0x000003f0                __vector_25
                0x000003f0                __vector_13
                0x000003f0                __vector_17
                0x000003f0                __vector_7
                0x000003f0                __vector_4
                0x000003f0                __vector_9
                0x000003f0                __vector_2
                0x000003f0                __vector_15
                0x000003f0                __vector_10
                0x000003f0                __vector_16
                0x000003f0                __vector_20
                0x000003f4                . = ALIGN (0x2)
 *(.text.*)
 .text._Z7pinModehh
                0x000003f4      0x12a ardooweeno.o
                0x000003f4                _Z7pinModehh
 .text._Z11digitalReadh
                0x0000051e       0x7e ardooweeno.o
                0x0000051e                _Z11digitalReadh
 .text._Z12digitalWritehh
                0x0000059c       0xa6 ardooweeno.o
                0x0000059c                _Z12digitalWritehh
 .text._ZN8GoertzelC2Eff
                0x00000642       0x9c Goertzel.o
                0x00000642                _ZN8GoertzelC1Eff
                0x00000642                _ZN8GoertzelC2Eff
 .text._ZN8GoertzelD2Ev
                0x000006de        0xe Goertzel.o
                0x000006de                _ZN8GoertzelD2Ev
                0x000006de                _ZN8GoertzelD1Ev
 .text._ZN8Goertzel13ResetGoertzelEv
                0x000006ec       0x26 Goertzel.o
                0x000006ec                _ZN8Goertzel13ResetGoertzelEv
 .text._ZN8Goertzel18SetTargetFrequencyEf
                0x00000712       0xc6 Goertzel.o
                0x00000712                _ZN8Goertzel18SetTargetFrequencyEf
 .text._ZN8Goertzel13ProcessSampleEi
                0x000007d8       0xa8 Goertzel.o
                0x000007d8                _ZN8Goertzel13ProcessSampleEi
 .text._ZN8Goertzel9DataPointEi
                0x00000880       0x58 Goertzel.o
                0x00000880                _ZN8Goertzel9DataPointEi
 .text._ZN8Goertzel12SamplesReadyEv
                0x000008d8        0x6 Goertzel.o
                0x000008d8                _ZN8Goertzel12SamplesReadyEv
 .text._ZN8Goertzel10Magnitude2Ev
                0x000008de      0x108 Goertzel.o
                0x000008de                _ZN8Goertzel10Magnitude2Ev
 .text._Z16nextFullTxBufferv
                0x000009e6       0x4e linkbus.o
                0x000009e6                _Z16nextFullTxBufferv
 .text._Z17nextEmptyTxBufferv
                0x00000a34       0x4e linkbus.o
                0x00000a34                _Z17nextEmptyTxBufferv
 .text._Z17nextEmptyRxBufferv
                0x00000a82       0x5c linkbus.o
                0x00000a82                _Z17nextEmptyRxBufferv
 .text._Z16nextFullRxBufferv
                0x00000ade       0x5c linkbus.o
                0x00000ade                _Z16nextFullRxBufferv
 .text._Z16linkbus_start_txv
                0x00000b3a       0x20 linkbus.o
                0x00000b3a                _Z16linkbus_start_txv
 .text._Z14linkbus_end_txv
                0x00000b5a       0x18 linkbus.o
                0x00000b5a                _Z14linkbus_end_txv
 .text._Z12linkbus_initm
                0x00000b72       0x4c linkbus.o
                0x00000b72                _Z12linkbus_initm
 .text._Z17linkbus_send_textPc
                0x00000bbe       0x7c linkbus.o
                0x00000bbe                _Z17linkbus_send_textPc
 .text._Z17lb_send_NewPromptv
                0x00000c3a        0xe linkbus.o
                0x00000c3a                _Z17lb_send_NewPromptv
 .text._Z15lb_send_NewLinev
                0x00000c48        0xa linkbus.o
                0x00000c48                _Z15lb_send_NewLinev
 .text._Z12lb_echo_charh
                0x00000c52       0x10 linkbus.o
                0x00000c52                _Z12lb_echo_charh
 .text._Z14lb_send_stringPch
                0x00000c62       0x56 linkbus.o
                0x00000c62                _Z14lb_send_stringPch
 .text._Z12lb_send_Helpv
                0x00000cb8       0x88 linkbus.o
                0x00000cb8                _Z12lb_send_Helpv
 .text.main     0x00000d40      0x2a8 main.o
                0x00000d40                main
 .text.__vector_21
                0x00000fe8       0x70 main.o
                0x00000fe8                __vector_21
 .text.__vector_5
                0x00001058       0x60 main.o
                0x00001058                __vector_5
 .text.__vector_18
                0x000010b8      0x380 main.o
                0x000010b8                __vector_18
 .text.__vector_19
                0x00001438       0x9a main.o
                0x00001438                __vector_19
 .text.__vector_8
                0x000014d2      0x312 main.o
                0x000014d2                __vector_8
 .text.__vector_11
                0x000017e4      0x22c main.o
                0x000017e4                __vector_11
 .text.__vector_14
                0x00001a10       0x7a main.o
                0x00001a10                __vector_14
 .text._Z4loopv
                0x00001a8a      0x5b8 main.o
                0x00001a8a                _Z4loopv
 .text._Z13sendMorseToneh
                0x00002042       0x26 main.o
                0x00002042                _Z13sendMorseToneh
 .text._Z17handleLinkBusMsgsv
                0x00002068      0x63e main.o
                0x00002068                _Z17handleLinkBusMsgsv
 .text._Z10processKeyc
                0x000026a6      0x11a main.o
                0x000026a6                _Z10processKeyc
 .text._Z20initializeEEPROMVarsh
                0x000027c0      0x310 main.o
                0x000027c0                _Z20initializeEEPROMVarsh
 .text._Z17doSynchronizationv
                0x00002ad0       0x6c main.o
                0x00002ad0                _Z17doSynchronizationv
 .text._Z11setupForFoxv
                0x00002b3c      0x1fe main.o
                0x00002b3c                _Z11setupForFoxv
 .text._Z12permCallsignPc
                0x00002d3a       0x5e main.o
                0x00002d3a                _Z12permCallsignPc
 .text._GLOBAL__sub_I_g_seconds_since_sync
                0x00002d98       0x22 main.o
 .text._GLOBAL__sub_D_g_seconds_since_sync
                0x00002dba        0xa main.o
 .text._Z12getMorseCharc
                0x00002dc4      0x1e6 morse.o
                0x00002dc4                _Z12getMorseCharc
 .text._Z9makeMorsePcPhS0_
                0x00002faa      0x1fc morse.o
                0x00002faa                _Z9makeMorsePcPhS0_
 .text._Z26timeRequiredToSendStrAtWPMPcj
                0x000031a6       0x6e morse.o
                0x000031a6                _Z26timeRequiredToSendStrAtWPMPcj
 .text.avr-libc.fplib
                0x00003214        0xe c:/program files (x86)/atmel/studio/7.0/toolchain/avr8/avr8-gnu-toolchain/bin/../lib/gcc/avr/5.4.0/../../../../avr/lib/avr5\libm.a(addsf3.o)
                0x00003214                __subsf3
                0x00003216                __addsf3
 .text.avr-libc.fplib
                0x00003222       0xcc c:/program files (x86)/atmel/studio/7.0/toolchain/avr8/avr8-gnu-toolchain/bin/../lib/gcc/avr/5.4.0/../../../../avr/lib/avr5\libm.a(addsf3x.o)
                0x00003244                __addsf3x
 .text.avr-libc.fplib
                0x000032ee        0xa c:/program files (x86)/atmel/studio/7.0/toolchain/avr8/avr8-gnu-toolchain/bin/../lib/gcc/avr/5.4.0/../../../../avr/lib/avr5\libm.a(cmpsf2.o)
                0x000032ee                __nesf2
                0x000032ee                __eqsf2
                0x000032ee                __cmpsf2
                0x000032ee                __ltsf2
                0x000032ee                __lesf2
 .text.avr-libc.fplib
                0x000032f8        0xa c:/program files (x86)/atmel/studio/7.0/toolchain/avr8/avr8-gnu-toolchain/bin/../lib/gcc/avr/5.4.0/../../../../avr/lib/avr5\libm.a(cos.o)
                0x000032f8                cos
 .text.avr-libc.fplib
                0x00003302        0x8 c:/program files (x86)/atmel/studio/7.0/toolchain/avr8/avr8-gnu-toolchain/bin/../lib/gcc/avr/5.4.0/../../../../avr/lib/avr5\libm.a(divsf3.o)
                0x00003302                __divsf3
 .text.avr-libc.fplib
                0x0000330a       0xdc c:/program files (x86)/atmel/studio/7.0/toolchain/avr8/avr8-gnu-toolchain/bin/../lib/gcc/avr/5.4.0/../../../../avr/lib/avr5\libm.a(divsf3x.o)
                0x0000332a                __divsf3x
                0x00003330                __divsf3_pse
 .text.avr-libc.fplib
                0x000033e6        0xe c:/program files (x86)/atmel/studio/7.0/toolchain/avr8/avr8-gnu-toolchain/bin/../lib/gcc/avr/5.4.0/../../../../avr/lib/avr5\libm.a(fixsfsi.o)
                0x000033e6                __fixsfsi
 .text.avr-libc.fplib
                0x000033f4       0x5e c:/program files (x86)/atmel/studio/7.0/toolchain/avr8/avr8-gnu-toolchain/bin/../lib/gcc/avr/5.4.0/../../../../avr/lib/avr5\libm.a(fixunssfsi.o)
                0x000033f4                __fixunssfsi
 .text.avr-libc.fplib
                0x00003452       0x7a c:/program files (x86)/atmel/studio/7.0/toolchain/avr8/avr8-gnu-toolchain/bin/../lib/gcc/avr/5.4.0/../../../../avr/lib/avr5\libm.a(floatsisf.o)
                0x00003452                __floatunsisf
                0x00003456                __floatsisf
 .text.avr-libc.fplib
                0x000034cc       0x48 c:/program files (x86)/atmel/studio/7.0/toolchain/avr8/avr8-gnu-toolchain/bin/../lib/gcc/avr/5.4.0/../../../../avr/lib/avr5\libm.a(fp_cmp.o)
                0x000034cc                __fp_cmp
 .text.avr-libc.fplib
                0x00003514        0xc c:/program files (x86)/atmel/studio/7.0/toolchain/avr8/avr8-gnu-toolchain/bin/../lib/gcc/avr/5.4.0/../../../../avr/lib/avr5\libm.a(fp_inf.o)
                0x00003514                __fp_inf
 .text.avr-libc.fplib
                0x00003520        0x6 c:/program files (x86)/atmel/studio/7.0/toolchain/avr8/avr8-gnu-toolchain/bin/../lib/gcc/avr/5.4.0/../../../../avr/lib/avr5\libm.a(fp_nan.o)
                0x00003520                __fp_nan
 .text.avr-libc.fplib
                0x00003526        0xe c:/program files (x86)/atmel/studio/7.0/toolchain/avr8/avr8-gnu-toolchain/bin/../lib/gcc/avr/5.4.0/../../../../avr/lib/avr5\libm.a(fp_pscA.o)
                0x00003526                __fp_pscA
 .text.avr-libc.fplib
                0x00003534        0xe c:/program files (x86)/atmel/studio/7.0/toolchain/avr8/avr8-gnu-toolchain/bin/../lib/gcc/avr/5.4.0/../../../../avr/lib/avr5\libm.a(fp_pscB.o)
                0x00003534                __fp_pscB
 .text.avr-libc.fplib
                0x00003542       0x56 c:/program files (x86)/atmel/studio/7.0/toolchain/avr8/avr8-gnu-toolchain/bin/../lib/gcc/avr/5.4.0/../../../../avr/lib/avr5\libm.a(fp_rempio2.o)
                0x00003546                __fp_rempio2
 .text.avr-libc.fplib
                0x00003598       0x22 c:/program files (x86)/atmel/studio/7.0/toolchain/avr8/avr8-gnu-toolchain/bin/../lib/gcc/avr/5.4.0/../../../../avr/lib/avr5\libm.a(fp_round.o)
                0x00003598                __fp_round
 .text.avr-libc.fplib
                0x000035ba       0x28 c:/program files (x86)/atmel/studio/7.0/toolchain/avr8/avr8-gnu-toolchain/bin/../lib/gcc/avr/5.4.0/../../../../avr/lib/avr5\libm.a(fp_sinus.o)
                0x000035ba                __fp_sinus
 .text.avr-libc.fplib
                0x000035e2       0x44 c:/program files (x86)/atmel/studio/7.0/toolchain/avr8/avr8-gnu-toolchain/bin/../lib/gcc/avr/5.4.0/../../../../avr/lib/avr5\libm.a(fp_split3.o)
                0x000035e2                __fp_split3
                0x000035f2                __fp_splitA
 .text.avr-libc.fplib
                0x00003626        0xe c:/program files (x86)/atmel/studio/7.0/toolchain/avr8/avr8-gnu-toolchain/bin/../lib/gcc/avr/5.4.0/../../../../avr/lib/avr5\libm.a(fp_zero.o)
                0x00003626                __fp_zero
                0x00003628                __fp_szero
 .text.avr-libc.fplib
                0x00003634        0xa c:/program files (x86)/atmel/studio/7.0/toolchain/avr8/avr8-gnu-toolchain/bin/../lib/gcc/avr/5.4.0/../../../../avr/lib/avr5\libm.a(gesf2.o)
                0x00003634                __gesf2
                0x00003634                __gtsf2
 .text.avr-libc.fplib
                0x0000363e        0x8 c:/program files (x86)/atmel/studio/7.0/toolchain/avr8/avr8-gnu-toolchain/bin/../lib/gcc/avr/5.4.0/../../../../avr/lib/avr5\libm.a(mulsf3.o)
                0x0000363e                __mulsf3
 .text.avr-libc.fplib
                0x00003646       0xd2 c:/program files (x86)/atmel/studio/7.0/toolchain/avr8/avr8-gnu-toolchain/bin/../lib/gcc/avr/5.4.0/../../../../avr/lib/avr5\libm.a(mulsf3x.o)
                0x00003664                __mulsf3x
                0x0000366a                __mulsf3_pse
 .text.avr-libc.fplib
                0x00003718       0x1c c:/program files (x86)/atmel/studio/7.0/toolchain/avr8/avr8-gnu-toolchain/bin/../lib/gcc/avr/5.4.0/../../../../avr/lib/avr5\libm.a(fp_mpack.o)
                0x00003718                __fp_mpack
                0x0000371c                __fp_mpack_finite
 .text.avr-libc.fplib
                0x00003734       0x28 c:/program files (x86)/atmel/studio/7.0/toolchain/avr8/avr8-gnu-toolchain/bin/../lib/gcc/avr/5.4.0/../../../../avr/lib/avr5\libm.a(fp_powsodd.o)
                0x00003734                __fp_powsodd
 .text.avr-libc.fplib
                0x0000375c       0x4e c:/program files (x86)/atmel/studio/7.0/toolchain/avr8/avr8-gnu-toolchain/bin/../lib/gcc/avr/5.4.0/../../../../avr/lib/avr5\libm.a(fp_powser.o)
                0x0000375c                __fp_powser
 .text.libgcc.div
                0x000037aa       0x28 c:/program files (x86)/atmel/studio/7.0/toolchain/avr8/avr8-gnu-toolchain/bin/../lib/gcc/avr/5.4.0/avr5\libgcc.a(_udivmodhi4.o)
                0x000037aa                __udivmodhi4
 .text.libgcc.div
                0x000037d2       0x28 c:/program files (x86)/atmel/studio/7.0/toolchain/avr8/avr8-gnu-toolchain/bin/../lib/gcc/avr/5.4.0/avr5\libgcc.a(_divmodhi4.o)
                0x000037d2                _div
                0x000037d2                __divmodhi4
 .text.libgcc.div
                0x000037fa       0x44 c:/program files (x86)/atmel/studio/7.0/toolchain/avr8/avr8-gnu-toolchain/bin/../lib/gcc/avr/5.4.0/avr5\libgcc.a(_udivmodsi4.o)
                0x000037fa                __udivmodsi4
 .text.libgcc.div
                0x0000383e       0x2e c:/program files (x86)/atmel/studio/7.0/toolchain/avr8/avr8-gnu-toolchain/bin/../lib/gcc/avr/5.4.0/avr5\libgcc.a(_divmodsi4.o)
                0x0000383e                __divmodsi4
 .text.libgcc.div
                0x0000386c       0x10 c:/program files (x86)/atmel/studio/7.0/toolchain/avr8/avr8-gnu-toolchain/bin/../lib/gcc/avr/5.4.0/avr5\libgcc.a(_negsi2.o)
                0x0000386c                __negsi2
 .text.libgcc   0x0000387c        0xc c:/program files (x86)/atmel/studio/7.0/toolchain/avr8/avr8-gnu-toolchain/bin/../lib/gcc/avr/5.4.0/avr5\libgcc.a(_tablejump2.o)
                0x0000387c                __tablejump2__
 .text.libgcc.mul
                0x00003888       0x1e c:/program files (x86)/atmel/studio/7.0/toolchain/avr8/avr8-gnu-toolchain/bin/../lib/gcc/avr/5.4.0/avr5\libgcc.a(_umulhisi3.o)
                0x00003888                __umulhisi3
 .text.avr-libc
                0x000038a6       0x40 c:/program files (x86)/atmel/studio/7.0/toolchain/avr8/avr8-gnu-toolchain/bin/../lib/gcc/avr/5.4.0/../../../../avr/lib/avr5\libc.a(dtostrf.o)
                0x000038a6                dtostrf
 .text.avr-libc
                0x000038e6      0x242 c:/program files (x86)/atmel/studio/7.0/toolchain/avr8/avr8-gnu-toolchain/bin/../lib/gcc/avr/5.4.0/../../../../avr/lib/avr5\libc.a(malloc.o)
                0x000038e6                malloc
                0x00003a16                free
 .text.avr-libc
                0x00003b28       0x3c c:/program files (x86)/atmel/studio/7.0/toolchain/avr8/avr8-gnu-toolchain/bin/../lib/gcc/avr/5.4.0/../../../../avr/lib/avr5\libc.a(atoi.o)
                0x00003b28                atoi
 .text.avr-libc
                0x00003b64       0x4e c:/program files (x86)/atmel/studio/7.0/toolchain/avr8/avr8-gnu-toolchain/bin/../lib/gcc/avr/5.4.0/../../../../avr/lib/avr5\libc.a(atol.o)
                0x00003b64                atol
 .text.avr-libc
                0x00003bb2       0x10 c:/program files (x86)/atmel/studio/7.0/toolchain/avr8/avr8-gnu-toolchain/bin/../lib/gcc/avr/5.4.0/../../../../avr/lib/avr5\libc.a(toupper.o)
                0x00003bb2                toupper
 .text.avr-libc
                0x00003bc2       0x16 c:/program files (x86)/atmel/studio/7.0/toolchain/avr8/avr8-gnu-toolchain/bin/../lib/gcc/avr/5.4.0/../../../../avr/lib/avr5\libc.a(strcat.o)
                0x00003bc2                strcat
 .text.avr-libc
                0x00003bd8        0xe c:/program files (x86)/atmel/studio/7.0/toolchain/avr8/avr8-gnu-toolchain/bin/../lib/gcc/avr/5.4.0/../../../../avr/lib/avr5\libc.a(strcpy.o)
                0x00003bd8                strcpy
 .text.avr-libc
                0x00003be6       0x12 c:/program files (x86)/atmel/studio/7.0/toolchain/avr8/avr8-gnu-toolchain/bin/../lib/gcc/avr/5.4.0/../../../../avr/lib/avr5\libc.a(strlen.o)
                0x00003be6                strlen
 .text.avr-libc
                0x00003bf8       0x1e c:/program files (x86)/atmel/studio/7.0/toolchain/avr8/avr8-gnu-toolchain/bin/../lib/gcc/avr/5.4.0/../../../../avr/lib/avr5\libc.a(strncpy.o)
                0x00003bf8                strncpy
 .text.avr-libc
                0x00003c16       0x2a c:/program files (x86)/atmel/studio/7.0/toolchain/avr8/avr8-gnu-toolchain/bin/../lib/gcc/avr/5.4.0/../../../../avr/lib/avr5\libc.a(mulsi10.o)
                0x00003c16                __mulsi_const_10
 .text.avr-libc
                0x00003c40       0x10 c:/program files (x86)/atmel/studio/7.0/toolchain/avr8/avr8-gnu-toolchain/bin/../lib/gcc/avr/5.4.0/../../../../avr/lib/avr5\libc.a(mul10.o)
                0x00003c40                __mulhi_const_10
 .text.avr-libc
                0x00003c50       0x44 c:/program files (x86)/atmel/studio/7.0/toolchain/avr8/avr8-gnu-toolchain/bin/../lib/gcc/avr/5.4.0/../../../../avr/lib/avr5\libc.a(sprintf.o)
                0x00003c50                sprintf
 .text.avr-libc
                0x00003c94      0x3c2 c:/program files (x86)/atmel/studio/7.0/toolchain/avr8/avr8-gnu-toolchain/bin/../lib/gcc/avr/5.4.0/../../../../avr/lib/avr5\libc.a(vfprintf_std.o)
                0x00003c94                vfprintf
 .text.avr-libc
                0x00004056      0x2b4 c:/program files (x86)/atmel/studio/7.0/toolchain/avr8/avr8-gnu-toolchain/bin/../lib/gcc/avr/5.4.0/../../../../avr/lib/avr5\libc.a(dtoa_prf.o)
                0x00004056                dtoa_prf
 .text.avr-libc
                0x0000430a      0x1b0 c:/program files (x86)/atmel/studio/7.0/toolchain/avr8/avr8-gnu-toolchain/bin/../lib/gcc/avr/5.4.0/../../../../avr/lib/avr5\libc.a(ftoa_engine.o)
                0x0000430a                __ftoa_engine
 .text.avr-libc
                0x000044ba       0x16 c:/program files (x86)/atmel/studio/7.0/toolchain/avr8/avr8-gnu-toolchain/bin/../lib/gcc/avr/5.4.0/../../../../avr/lib/avr5\libc.a(strnlen_P.o)
                0x000044ba                strnlen_P
 .text.avr-libc
                0x000044d0       0x16 c:/program files (x86)/atmel/studio/7.0/toolchain/avr8/avr8-gnu-toolchain/bin/../lib/gcc/avr/5.4.0/../../../../avr/lib/avr5\libc.a(strnlen.o)
                0x000044d0                strnlen
 .text.avr-libc
                0x000044e6       0x78 c:/program files (x86)/atmel/studio/7.0/toolchain/avr8/avr8-gnu-toolchain/bin/../lib/gcc/avr/5.4.0/../../../../avr/lib/avr5\libc.a(fputc.o)
                0x000044e6                fputc
 .text.avr-libc
                0x0000455e       0xbc c:/program files (x86)/atmel/studio/7.0/toolchain/avr8/avr8-gnu-toolchain/bin/../lib/gcc/avr/5.4.0/../../../../avr/lib/avr5\libc.a(ultoa_invert.o)
                0x0000455e                __ultoa_invert
 .text.avr-libc
                0x0000461a       0x10 C:/Program Files (x86)/Atmel/Studio/7.0/Packs/Atmel/ATmega_DFP/1.4.351/gcc/dev/atmega328p/avr5\libatmega328p.a(eerd_byte.o)
                0x0000461a                eeprom_read_byte
 .text.avr-libc
                0x0000462a        0xc C:/Program Files (x86)/Atmel/Studio/7.0/Packs/Atmel/ATmega_DFP/1.4.351/gcc/dev/atmega328p/avr5\libatmega328p.a(eerd_word.o)
                0x0000462a                eeprom_read_word
 .text.avr-libc
                0x00004636       0x24 C:/Program Files (x86)/Atmel/Studio/7.0/Packs/Atmel/ATmega_DFP/1.4.351/gcc/dev/atmega328p/avr5\libatmega328p.a(eeupd_byte.o)
                0x00004636                eeprom_update_byte
                0x00004638                eeprom_update_r18
 .text.avr-libc
                0x0000465a        0xc C:/Program Files (x86)/Atmel/Studio/7.0/Packs/Atmel/ATmega_DFP/1.4.351/gcc/dev/atmega328p/avr5\libatmega328p.a(eeupd_word.o)
                0x0000465a                eeprom_update_word
 .text.avr-libc
                0x00004666       0x1c C:/Program Files (x86)/Atmel/Studio/7.0/Packs/Atmel/ATmega_DFP/1.4.351/gcc/dev/atmega328p/avr5\libatmega328p.a(eewr_byte.o)
                0x00004666                eeprom_write_byte
                0x00004668                eeprom_write_r18
 .text.avr-libc
                0x00004682       0x20 C:/Program Files (x86)/Atmel/Studio/7.0/Packs/Atmel/ATmega_DFP/1.4.351/gcc/dev/atmega328p/avr5\libatmega328p.a(eerd_block.o)
                0x00004682                eeprom_read_block
                0x00004686                eeprom_read_blraw
 .text.libgcc.prologue
                0x000046a2       0x38 c:/program files (x86)/atmel/studio/7.0/toolchain/avr8/avr8-gnu-toolchain/bin/../lib/gcc/avr/5.4.0/avr5\libgcc.a(_prologue.o)
                0x000046a2                __prologue_saves__
 .text.libgcc.prologue
                0x000046da       0x36 c:/program files (x86)/atmel/studio/7.0/toolchain/avr8/avr8-gnu-toolchain/bin/../lib/gcc/avr/5.4.0/avr5\libgcc.a(_epilogue.o)
                0x000046da                __epilogue_restores__
                0x00004710                . = ALIGN (0x2)
 *(.fini9)
 .fini9         0x00004710        0x0 c:/program files (x86)/atmel/studio/7.0/toolchain/avr8/avr8-gnu-toolchain/bin/../lib/gcc/avr/5.4.0/avr5\libgcc.a(_exit.o)
                0x00004710                _exit
                0x00004710                exit
 *(.fini9)
 *(.fini8)
 *(.fini8)
 *(.fini7)
 *(.fini7)
 *(.fini6)
 .fini6         0x00004710       0x16 c:/program files (x86)/atmel/studio/7.0/toolchain/avr8/avr8-gnu-toolchain/bin/../lib/gcc/avr/5.4.0/avr5\libgcc.a(_dtors.o)
                0x00004710                __do_global_dtors
 *(.fini6)
 *(.fini5)
 *(.fini5)
 *(.fini4)
 *(.fini4)
 *(.fini3)
 *(.fini3)
 *(.fini2)
 *(.fini2)
 *(.fini1)
 *(.fini1)
 *(.fini0)
 .fini0         0x00004726        0x4 c:/program files (x86)/atmel/studio/7.0/toolchain/avr8/avr8-gnu-toolchain/bin/../lib/gcc/avr/5.4.0/avr5\libgcc.a(_exit.o)
 *(.fini0)
                0x0000472a                _etext = .

.data           0x00800100      0x254 load address 0x0000472a
                0x00800100                PROVIDE (__data_start, .)
 *(.data)
 .data          0x00800100        0x6 c:/program files (x86)/atmel/studio/7.0/toolchain/avr8/avr8-gnu-toolchain/bin/../lib/gcc/avr/5.4.0/../../../../avr/lib/avr5\libc.a(malloc.o)
                0x00800100                __malloc_heap_end
                0x00800102                __malloc_heap_start
                0x00800104                __malloc_margin
 *(.data*)
 .data._ZL14g_bus_disabled
                0x00800106        0x1 linkbus.o
 .data.g_fox_counter
                0x00800107        0x2 main.o
                0x00800107                g_fox_counter
 .data.g_startclock_interval
                0x00800109        0x2 main.o
                0x00800109                g_startclock_interval
 .data.g_fox_tone_offset
                0x0080010b        0x2 main.o
                0x0080010b                g_fox_tone_offset
 .data.g_sync_enabled
                0x0080010d        0x1 main.o
                0x0080010d                g_sync_enabled
 .data._ZL14g_id_codespeed
                0x0080010e        0x1 main.o
 .data._ZL19g_pattern_codespeed
                0x0080010f        0x1 main.o
 .data._ZL19g_clock_calibration
                0x00800110        0x2 main.o
 .data._ZL18g_temp_calibration
                0x00800112        0x2 main.o
 .data._ZZ10__vector_8E13blink_counter
                0x00800114        0x2 main.o
 .data._ZZ10__vector_8E21blink_count_direction
                0x00800116        0x2 main.o
 .data._ZZ10__vector_8E9playMorse
                0x00800118        0x1 main.o
 .data._ZZ4loopvE11time_for_id
                0x00800119        0x2 main.o
 .data._ZZ4loopvE6id_set
                0x0080011b        0x1 main.o
 .data._ZZ4loopvE10checkCount
                0x0080011c        0x2 main.o
 .data._ZZ9makeMorsePcPhS0_E1c
                0x0080011e        0x1 morse.o
 .data._ZZ9makeMorsePcPhS0_E6repeat
                0x0080011f        0x1 morse.o
 *(.gnu.linkonce.d*)
 *(.rodata)
 .rodata        0x00800120       0xc3 main.o
 *(.rodata*)
 .rodata.str1.1
                0x008001e3       0x2f linkbus.o
 .rodata._ZL8textHelp
                0x00800212       0x73 linkbus.o
 .rodata._ZL10textPrompt
                0x00800285        0x3 linkbus.o
 .rodata._ZL4crlf
                0x00800288        0x2 linkbus.o
 .rodata._ZL15g_morsePatterns
                0x0080028a       0x72 main.o
 .rodata._ZL13x_frequencies
                0x008002fc       0x10 main.o
 .rodata._ZL13y_frequencies
                0x0080030c       0x10 main.o
 .rodata._ZL3key
                0x0080031c       0x10 main.o
 .rodata._ZL8keyMorse
                0x0080032c       0x27 main.o
 *(.gnu.linkonce.r*)
                0x00800354                . = ALIGN (0x2)
 *fill*         0x00800353        0x1 
                0x00800354                _edata = .
                0x00800354                PROVIDE (__data_end, .)

.bss            0x00800354      0x221
                0x00800354                PROVIDE (__bss_start, .)
 *(.bss)
 *(.bss*)
 .bss.testData  0x00800354        0x2 Goertzel.o
                0x00800354                testData
 .bss._samplesReady
                0x00800356        0x1 Goertzel.o
                0x00800356                _samplesReady
 .bss._index    0x00800357        0x2 Goertzel.o
                0x00800357                _index
 .bss.Q2        0x00800359        0x4 Goertzel.o
                0x00800359                Q2
 .bss.Q1        0x0080035d        0x4 Goertzel.o
                0x0080035d                Q1
 .bss.g_coeff   0x00800361        0x4 Goertzel.o
                0x00800361                g_coeff
 .bss._N        0x00800365        0x2 Goertzel.o
                0x00800365                _N
 .bss._TARGET_FREQUENCY
                0x00800367        0x4 Goertzel.o
                0x00800367                _TARGET_FREQUENCY
 .bss._SAMPLING_FREQUENCY
                0x0080036b        0x4 Goertzel.o
                0x0080036b                _SAMPLING_FREQUENCY
 .bss._ZZ16nextFullRxBuffervE11bufferIndex
                0x0080036f        0x1 linkbus.o
 .bss._ZZ17nextEmptyRxBuffervE11bufferIndex
                0x00800370        0x1 linkbus.o
 .bss._ZZ17nextEmptyTxBuffervE11bufferIndex
                0x00800371        0x1 linkbus.o
 .bss._ZZ16nextFullTxBuffervE11bufferIndex
                0x00800372        0x1 linkbus.o
 .bss._ZL9rx_buffer
                0x00800373       0x42 linkbus.o
 .bss._ZL9tx_buffer
                0x008003b5       0xa4 linkbus.o
 .bss._ZL17linkbus_tx_active
                0x00800459        0x1 linkbus.o
 .bss._ZL13g_tempMsgBuff
                0x0080045a       0x32 linkbus.o
 .bss.g_seconds_since_sync
                0x0080048c        0x4 main.o
                0x0080048c                g_seconds_since_sync
 .bss.g_fox     0x00800490        0x1 main.o
                0x00800490                g_fox
 .bss.g_on_the_air
                0x00800491        0x2 main.o
                0x00800491                g_on_the_air
 .bss.g_code_throttle
                0x00800493        0x2 main.o
                0x00800493                g_code_throttle
 .bss.g_callsign_sent
                0x00800495        0x1 main.o
                0x00800495                g_callsign_sent
 .bss.g_blinky_time
                0x00800496        0x1 main.o
                0x00800496                g_blinky_time
 .bss.g_on_air_interval
                0x00800497        0x2 main.o
                0x00800497                g_on_air_interval
 .bss.g_fox_seconds_into_interval
                0x00800499        0x2 main.o
                0x00800499                g_fox_seconds_into_interval
 .bss.g_number_of_foxes
                0x0080049b        0x2 main.o
                0x0080049b                g_number_of_foxes
 .bss.g_fox_transition
                0x0080049d        0x1 main.o
                0x0080049d                g_fox_transition
 .bss.g_fox_id_offset
                0x0080049e        0x2 main.o
                0x0080049e                g_fox_id_offset
 .bss.g_id_interval
                0x008004a0        0x2 main.o
                0x008004a0                g_id_interval
 .bss.g_time_to_ID
                0x008004a2        0x1 main.o
                0x008004a2                g_time_to_ID
 .bss.g_audio_tone_state
                0x008004a3        0x1 main.o
                0x008004a3                g_audio_tone_state
 .bss.g_lastSeconds
                0x008004a4        0x1 main.o
                0x008004a4                g_lastSeconds
 .bss.g_sync_pin_timer
                0x008004a5        0x2 main.o
                0x008004a5                g_sync_pin_timer
 .bss.g_sync_pin_stable
                0x008004a7        0x1 main.o
                0x008004a7                g_sync_pin_stable
 .bss._ZL15g_messages_text
                0x008004a8       0x2a main.o
 .bss._ZL20g_time_needed_for_ID
                0x008004d2        0x2 main.o
 .bss._ZL13g_enable_LEDs
                0x008004d4        0x1 main.o
 .bss._ZL20g_enable_start_timer
                0x008004d5        0x1 main.o
 .bss._ZL20g_enable_transmitter
                0x008004d6        0x1 main.o
 .bss.g_lastKey
                0x008004d7        0x1 main.o
                0x008004d7                g_lastKey
 .bss.g_last    0x008004d8        0x4 main.o
                0x008004d8                g_last
 .bss.g_tick_count
                0x008004dc        0x4 main.o
                0x008004dc                g_tick_count
 .bss.g_goertzel
                0x008004e0        0x1 main.o
                0x008004e0                g_goertzel
 .bss._ZL9g_tempStr
                0x008004e1       0x1e main.o
 .bss.s         0x008004ff        0xc main.o
                0x008004ff                s
 .bss._ZL16g_LEDs_Timed_Out
                0x0080050b        0x1 main.o
 .bss._ZZ11__vector_18E4buff
                0x0080050c        0x2 main.o
 .bss._ZZ11__vector_18E11ignoreCount
                0x0080050e        0x1 main.o
 .bss._ZZ11__vector_18E9charIndex
                0x0080050f        0x1 main.o
 .bss._ZZ11__vector_18E8textBuff
                0x00800510       0x21 main.o
 .bss._ZZ11__vector_18E13receiving_msg
                0x00800531        0x1 main.o
 .bss._ZZ11__vector_18E6msg_ID
                0x00800532        0x2 main.o
 .bss._ZZ11__vector_18E11field_index
                0x00800534        0x1 main.o
 .bss._ZZ11__vector_18E9field_len
                0x00800535        0x1 main.o
 .bss._ZZ11__vector_19E4buff
                0x00800536        0x2 main.o
 .bss._ZZ11__vector_19E9charIndex
                0x00800538        0x1 main.o
 .bss._ZZ10__vector_8E14hold_last10sec
                0x00800539        0x1 main.o
 .bss._ZZ10__vector_8E13starting_blip
                0x0080053a        0x2 main.o
 .bss._ZZ10__vector_8E13starting_boop
                0x0080053c        0x2 main.o
 .bss._ZZ10__vector_8E7codeInc
                0x0080053e        0x2 main.o
 .bss._ZZ10__vector_8E3key
                0x00800540        0x1 main.o
 .bss._ZZ11__vector_11E12id_countdown
                0x00800541        0x2 main.o
 .bss._ZZ11__vector_14E6toggle
                0x00800543        0x1 main.o
 .bss._ZZ4loopvE7proceed
                0x00800544        0x1 main.o
 .bss._ZZ4loopvE7lastKey
                0x00800545        0x1 main.o
 .bss._ZZ4loopvE10quietCount
                0x00800546        0x2 main.o
 .bss._ZZ10processKeycE5state
                0x00800548        0x2 main.o
 .bss._ZZ10processKeycE14callsignLength
                0x0080054a        0x2 main.o
 .bss._ZZ10processKeycE5value
                0x0080054c        0x2 main.o
 .bss._ZZ10processKeycE6digits
                0x0080054e        0x2 main.o
 .bss._ZZ10processKeycE8callsign
                0x00800550       0x15 main.o
 .bss._ZZ9makeMorsePcPhS0_E9carrierOn
                0x00800565        0x1 morse.o
 .bss._ZZ9makeMorsePcPhS0_E15completedString
                0x00800566        0x1 morse.o
 .bss._ZZ9makeMorsePcPhS0_E10addedSpace
                0x00800567        0x1 morse.o
 .bss._ZZ9makeMorsePcPhS0_E12elementIndex
                0x00800568        0x1 morse.o
 .bss._ZZ9makeMorsePcPhS0_E11symbolIndex
                0x00800569        0x1 morse.o
 .bss._ZZ9makeMorsePcPhS0_E9charIndex
                0x0080056a        0x1 morse.o
 .bss._ZZ9makeMorsePcPhS0_E15morseInProgress
                0x0080056b        0x3 morse.o
 .bss._ZZ9makeMorsePcPhS0_E3str
                0x0080056e        0x2 morse.o
 .bss._ZZ9makeMorsePcPhS0_E11holdKeyDown
                0x00800570        0x1 morse.o
 *(COMMON)
 COMMON         0x00800571        0x4 c:/program files (x86)/atmel/studio/7.0/toolchain/avr8/avr8-gnu-toolchain/bin/../lib/gcc/avr/5.4.0/../../../../avr/lib/avr5\libc.a(malloc.o)
                0x00800571                __brkval
                0x00800573                __flp
                0x00800575                PROVIDE (__bss_end, .)
                0x0000472a                __data_load_start = LOADADDR (.data)
                0x0000497e                __data_load_end = (__data_load_start + SIZEOF (.data))

.noinit         0x00800575        0x0
                [!provide]                PROVIDE (__noinit_start, .)
 *(.noinit*)
                [!provide]                PROVIDE (__noinit_end, .)
                0x00800575                _end = .
                0x00800575                PROVIDE (__heap_start, .)

.eeprom         0x00810000       0x1e
 *(.eeprom*)
 .eeprom        0x00810000       0x1e main.o
                0x0081001e                __eeprom_end = .

.fuse
 *(.fuse)
 *(.lfuse)
 *(.hfuse)
 *(.efuse)

.lock
 *(.lock*)

.signature
 *(.signature*)

.user_signatures
 *(.user_signatures*)

.stab
 *(.stab)

.stabstr
 *(.stabstr)

.stab.excl
 *(.stab.excl)

.stab.exclstr
 *(.stab.exclstr)

.stab.index
 *(.stab.index)

.stab.indexstr
 *(.stab.indexstr)

.comment        0x00000000       0x5c
 *(.comment)
 .comment       0x00000000       0x30 ardooweeno.o
                                 0x31 (size before relaxing)
 .comment       0x00000030       0x31 Goertzel.o
 .comment       0x00000030       0x31 linkbus.o
 .comment       0x00000030       0x31 main.o
 .comment       0x00000030       0x31 morse.o
 .comment       0x00000030       0x31 c:/program files (x86)/atmel/studio/7.0/toolchain/avr8/avr8-gnu-toolchain/bin/../lib/gcc/avr/5.4.0/../../../../avr/lib/avr5\libc.a(dtostrf.o)
 .comment       0x00000030       0x31 c:/program files (x86)/atmel/studio/7.0/toolchain/avr8/avr8-gnu-toolchain/bin/../lib/gcc/avr/5.4.0/../../../../avr/lib/avr5\libc.a(malloc.o)
 .comment       0x00000030       0x31 c:/program files (x86)/atmel/studio/7.0/toolchain/avr8/avr8-gnu-toolchain/bin/../lib/gcc/avr/5.4.0/../../../../avr/lib/avr5\libc.a(sprintf.o)
 .comment       0x00000030       0x2c c:/program files (x86)/atmel/studio/7.0/toolchain/avr8/avr8-gnu-toolchain/bin/../lib/gcc/avr/5.4.0/../../../../avr/lib/avr5\libc.a(vfprintf_std.o)
                                 0x2d (size before relaxing)
 .comment       0x0000005c       0x31 c:/program files (x86)/atmel/studio/7.0/toolchain/avr8/avr8-gnu-toolchain/bin/../lib/gcc/avr/5.4.0/../../../../avr/lib/avr5\libc.a(dtoa_prf.o)
 .comment       0x0000005c       0x31 c:/program files (x86)/atmel/studio/7.0/toolchain/avr8/avr8-gnu-toolchain/bin/../lib/gcc/avr/5.4.0/../../../../avr/lib/avr5\libc.a(fputc.o)

.note.gnu.avr.deviceinfo
                0x00000000       0x40
 .note.gnu.avr.deviceinfo
                0x00000000       0x40 C:/Program Files (x86)/Atmel/Studio/7.0/Packs/Atmel/ATmega_DFP/1.4.351/gcc/dev/atmega328p/avr5/crtatmega328p.o

.note.gnu.build-id
 *(.note.gnu.build-id)

.debug
 *(.debug)

.line
 *(.line)

.debug_srcinfo
 *(.debug_srcinfo)

.debug_sfnames
 *(.debug_sfnames)

.debug_aranges  0x00000000      0x2d0
 *(.debug_aranges)
 .debug_aranges
                0x00000000       0x30 ardooweeno.o
 .debug_aranges
                0x00000030       0x58 Goertzel.o
 .debug_aranges
                0x00000088       0xa8 linkbus.o
 .debug_aranges
                0x00000130       0xb0 main.o
 .debug_aranges
                0x000001e0       0x30 morse.o
 .debug_aranges
                0x00000210       0x20 C:/Program Files (x86)/Atmel/Studio/7.0/Packs/Atmel/ATmega_DFP/1.4.351/gcc/dev/atmega328p/avr5\libatmega328p.a(eerd_byte.o)
 .debug_aranges
                0x00000230       0x20 C:/Program Files (x86)/Atmel/Studio/7.0/Packs/Atmel/ATmega_DFP/1.4.351/gcc/dev/atmega328p/avr5\libatmega328p.a(eerd_word.o)
 .debug_aranges
                0x00000250       0x20 C:/Program Files (x86)/Atmel/Studio/7.0/Packs/Atmel/ATmega_DFP/1.4.351/gcc/dev/atmega328p/avr5\libatmega328p.a(eeupd_byte.o)
 .debug_aranges
                0x00000270       0x20 C:/Program Files (x86)/Atmel/Studio/7.0/Packs/Atmel/ATmega_DFP/1.4.351/gcc/dev/atmega328p/avr5\libatmega328p.a(eeupd_word.o)
 .debug_aranges
                0x00000290       0x20 C:/Program Files (x86)/Atmel/Studio/7.0/Packs/Atmel/ATmega_DFP/1.4.351/gcc/dev/atmega328p/avr5\libatmega328p.a(eewr_byte.o)
 .debug_aranges
                0x000002b0       0x20 C:/Program Files (x86)/Atmel/Studio/7.0/Packs/Atmel/ATmega_DFP/1.4.351/gcc/dev/atmega328p/avr5\libatmega328p.a(eerd_block.o)

.debug_pubnames
 *(.debug_pubnames)

.debug_info     0x00000000     0x3fb7
 *(.debug_info .gnu.linkonce.wi.*)
 .debug_info    0x00000000      0x5f4 C:/Program Files (x86)/Atmel/Studio/7.0/Packs/Atmel/ATmega_DFP/1.4.351/gcc/dev/atmega328p/avr5/crtatmega328p.o
 .debug_info    0x000005f4      0x12a ardooweeno.o
 .debug_info    0x0000071e      0x55b Goertzel.o
 .debug_info    0x00000c79      0x888 linkbus.o
 .debug_info    0x00001501     0x242e main.o
 .debug_info    0x0000392f      0x2e9 morse.o
 .debug_info    0x00003c18       0x9a C:/Program Files (x86)/Atmel/Studio/7.0/Packs/Atmel/ATmega_DFP/1.4.351/gcc/dev/atmega328p/avr5\libatmega328p.a(eerd_byte.o)
 .debug_info    0x00003cb2       0x9a C:/Program Files (x86)/Atmel/Studio/7.0/Packs/Atmel/ATmega_DFP/1.4.351/gcc/dev/atmega328p/avr5\libatmega328p.a(eerd_word.o)
 .debug_info    0x00003d4c       0x9b C:/Program Files (x86)/Atmel/Studio/7.0/Packs/Atmel/ATmega_DFP/1.4.351/gcc/dev/atmega328p/avr5\libatmega328p.a(eeupd_byte.o)
 .debug_info    0x00003de7       0x9b C:/Program Files (x86)/Atmel/Studio/7.0/Packs/Atmel/ATmega_DFP/1.4.351/gcc/dev/atmega328p/avr5\libatmega328p.a(eeupd_word.o)
 .debug_info    0x00003e82       0x9a C:/Program Files (x86)/Atmel/Studio/7.0/Packs/Atmel/ATmega_DFP/1.4.351/gcc/dev/atmega328p/avr5\libatmega328p.a(eewr_byte.o)
 .debug_info    0x00003f1c       0x9b C:/Program Files (x86)/Atmel/Studio/7.0/Packs/Atmel/ATmega_DFP/1.4.351/gcc/dev/atmega328p/avr5\libatmega328p.a(eerd_block.o)

.debug_abbrev   0x00000000     0x10dd
 *(.debug_abbrev)
 .debug_abbrev  0x00000000      0x5a2 C:/Program Files (x86)/Atmel/Studio/7.0/Packs/Atmel/ATmega_DFP/1.4.351/gcc/dev/atmega328p/avr5/crtatmega328p.o
 .debug_abbrev  0x000005a2       0xe4 ardooweeno.o
 .debug_abbrev  0x00000686      0x25d Goertzel.o
 .debug_abbrev  0x000008e3      0x298 linkbus.o
 .debug_abbrev  0x00000b7b      0x3ae main.o
 .debug_abbrev  0x00000f29      0x13c morse.o
 .debug_abbrev  0x00001065       0x14 C:/Program Files (x86)/Atmel/Studio/7.0/Packs/Atmel/ATmega_DFP/1.4.351/gcc/dev/atmega328p/avr5\libatmega328p.a(eerd_byte.o)
 .debug_abbrev  0x00001079       0x14 C:/Program Files (x86)/Atmel/Studio/7.0/Packs/Atmel/ATmega_DFP/1.4.351/gcc/dev/atmega328p/avr5\libatmega328p.a(eerd_word.o)
 .debug_abbrev  0x0000108d       0x14 C:/Program Files (x86)/Atmel/Studio/7.0/Packs/Atmel/ATmega_DFP/1.4.351/gcc/dev/atmega328p/avr5\libatmega328p.a(eeupd_byte.o)
 .debug_abbrev  0x000010a1       0x14 C:/Program Files (x86)/Atmel/Studio/7.0/Packs/Atmel/ATmega_DFP/1.4.351/gcc/dev/atmega328p/avr5\libatmega328p.a(eeupd_word.o)
 .debug_abbrev  0x000010b5       0x14 C:/Program Files (x86)/Atmel/Studio/7.0/Packs/Atmel/ATmega_DFP/1.4.351/gcc/dev/atmega328p/avr5\libatmega328p.a(eewr_byte.o)
 .debug_abbrev  0x000010c9       0x14 C:/Program Files (x86)/Atmel/Studio/7.0/Packs/Atmel/ATmega_DFP/1.4.351/gcc/dev/atmega328p/avr5\libatmega328p.a(eerd_block.o)

.debug_line     0x00000000     0x2c63
 *(.debug_line .debug_line.* .debug_line_end)
 .debug_line    0x00000000      0x134 C:/Program Files (x86)/Atmel/Studio/7.0/Packs/Atmel/ATmega_DFP/1.4.351/gcc/dev/atmega328p/avr5/crtatmega328p.o
 .debug_line    0x00000134      0x42b ardooweeno.o
 .debug_line    0x0000055f      0x219 Goertzel.o
 .debug_line    0x00000778      0x535 linkbus.o
 .debug_line    0x00000cad     0x1413 main.o
 .debug_line    0x000020c0      0x861 morse.o
 .debug_line    0x00002921       0x7a C:/Program Files (x86)/Atmel/Studio/7.0/Packs/Atmel/ATmega_DFP/1.4.351/gcc/dev/atmega328p/avr5\libatmega328p.a(eerd_byte.o)
 .debug_line    0x0000299b       0x67 C:/Program Files (x86)/Atmel/Studio/7.0/Packs/Atmel/ATmega_DFP/1.4.351/gcc/dev/atmega328p/avr5\libatmega328p.a(eerd_word.o)
 .debug_line    0x00002a02       0xb6 C:/Program Files (x86)/Atmel/Studio/7.0/Packs/Atmel/ATmega_DFP/1.4.351/gcc/dev/atmega328p/avr5\libatmega328p.a(eeupd_byte.o)
 .debug_line    0x00002ab8       0x62 C:/Program Files (x86)/Atmel/Studio/7.0/Packs/Atmel/ATmega_DFP/1.4.351/gcc/dev/atmega328p/avr5\libatmega328p.a(eeupd_word.o)
 .debug_line    0x00002b1a       0x9e C:/Program Files (x86)/Atmel/Studio/7.0/Packs/Atmel/ATmega_DFP/1.4.351/gcc/dev/atmega328p/avr5\libatmega328p.a(eewr_byte.o)
 .debug_line    0x00002bb8       0xab C:/Program Files (x86)/Atmel/Studio/7.0/Packs/Atmel/ATmega_DFP/1.4.351/gcc/dev/atmega328p/avr5\libatmega328p.a(eerd_block.o)

.debug_frame    0x00000000      0x874
 *(.debug_frame)
 .debug_frame   0x00000000       0x44 ardooweeno.o
 .debug_frame   0x00000044      0x16c Goertzel.o
 .debug_frame   0x000001b0      0x1c0 linkbus.o
 .debug_frame   0x00000370      0x490 main.o
 .debug_frame   0x00000800       0x74 morse.o

.debug_str      0x00000000     0x154d
 *(.debug_str)
 .debug_str     0x00000000      0x208 C:/Program Files (x86)/Atmel/Studio/7.0/Packs/Atmel/ATmega_DFP/1.4.351/gcc/dev/atmega328p/avr5/crtatmega328p.o
 .debug_str     0x00000208      0x1ce ardooweeno.o
                                0x208 (size before relaxing)
 .debug_str     0x000003d6      0x21d Goertzel.o
                                0x3b6 (size before relaxing)
 .debug_str     0x000005f3      0x526 linkbus.o
                                0x700 (size before relaxing)
 .debug_str     0x00000b19      0x953 main.o
                               0x107e (size before relaxing)
 .debug_str     0x0000146c       0xe1 morse.o
                                0x303 (size before relaxing)

.debug_loc      0x00000000     0x31ec
 *(.debug_loc)
 .debug_loc     0x00000000      0x1ab ardooweeno.o
 .debug_loc     0x000001ab      0x60e Goertzel.o
 .debug_loc     0x000007b9      0x731 linkbus.o
 .debug_loc     0x00000eea     0x1451 main.o
 .debug_loc     0x0000233b      0xeb1 morse.o

.debug_macinfo
 *(.debug_macinfo)

.debug_weaknames
 *(.debug_weaknames)

.debug_funcnames
 *(.debug_funcnames)

.debug_typenames
 *(.debug_typenames)

.debug_varnames
 *(.debug_varnames)

.debug_pubtypes
 *(.debug_pubtypes)

.debug_ranges   0x00000000      0x208
 *(.debug_ranges)
 .debug_ranges  0x00000000       0x20 ardooweeno.o
 .debug_ranges  0x00000020       0x48 Goertzel.o
 .debug_ranges  0x00000068       0xb0 linkbus.o
 .debug_ranges  0x00000118       0xd0 main.o
 .debug_ranges  0x000001e8       0x20 morse.o

.debug_macro
 *(.debug_macro)
OUTPUT(Arducon.elf elf32-avr)
LOAD linker stubs
